Archive member included to satisfy reference by file (symbol)

/home/giovannimasi/st/stm32cubeide_1.16.1/plugins/com.st.stm32cube.ide.mcu.externaltools.gnu-tools-for-stm32.12.3.rel1.linux64_1.0.200.202406132123/tools/bin/../lib/gcc/arm-none-eabi/12.3.1/../../../../arm-none-eabi/lib/thumb/v7e-m+fp/hard/libc_nano.a(libc_a-exit.o)
                              /home/giovannimasi/st/stm32cubeide_1.16.1/plugins/com.st.stm32cube.ide.mcu.externaltools.gnu-tools-for-stm32.12.3.rel1.linux64_1.0.200.202406132123/tools/bin/../lib/gcc/arm-none-eabi/12.3.1/../../../../arm-none-eabi/lib/thumb/v7e-m+fp/hard/crt0.o (exit)
/home/giovannimasi/st/stm32cubeide_1.16.1/plugins/com.st.stm32cube.ide.mcu.externaltools.gnu-tools-for-stm32.12.3.rel1.linux64_1.0.200.202406132123/tools/bin/../lib/gcc/arm-none-eabi/12.3.1/../../../../arm-none-eabi/lib/thumb/v7e-m+fp/hard/libc_nano.a(libc_a-nano-vfprintf_float.o)
                              (_printf_float)
/home/giovannimasi/st/stm32cubeide_1.16.1/plugins/com.st.stm32cube.ide.mcu.externaltools.gnu-tools-for-stm32.12.3.rel1.linux64_1.0.200.202406132123/tools/bin/../lib/gcc/arm-none-eabi/12.3.1/../../../../arm-none-eabi/lib/thumb/v7e-m+fp/hard/libc_nano.a(libc_a-nano-vfprintf_i.o)
                              /home/giovannimasi/st/stm32cubeide_1.16.1/plugins/com.st.stm32cube.ide.mcu.externaltools.gnu-tools-for-stm32.12.3.rel1.linux64_1.0.200.202406132123/tools/bin/../lib/gcc/arm-none-eabi/12.3.1/../../../../arm-none-eabi/lib/thumb/v7e-m+fp/hard/libc_nano.a(libc_a-nano-vfprintf_float.o) (_printf_common)
/home/giovannimasi/st/stm32cubeide_1.16.1/plugins/com.st.stm32cube.ide.mcu.externaltools.gnu-tools-for-stm32.12.3.rel1.linux64_1.0.200.202406132123/tools/bin/../lib/gcc/arm-none-eabi/12.3.1/../../../../arm-none-eabi/lib/thumb/v7e-m+fp/hard/libc_nano.a(libc_a-nano-vfscanf_float.o)
                              (_scanf_float)
/home/giovannimasi/st/stm32cubeide_1.16.1/plugins/com.st.stm32cube.ide.mcu.externaltools.gnu-tools-for-stm32.12.3.rel1.linux64_1.0.200.202406132123/tools/bin/../lib/gcc/arm-none-eabi/12.3.1/../../../../arm-none-eabi/lib/thumb/v7e-m+fp/hard/libc_nano.a(libc_a-findfp.o)
                              /home/giovannimasi/st/stm32cubeide_1.16.1/plugins/com.st.stm32cube.ide.mcu.externaltools.gnu-tools-for-stm32.12.3.rel1.linux64_1.0.200.202406132123/tools/bin/../lib/gcc/arm-none-eabi/12.3.1/../../../../arm-none-eabi/lib/thumb/v7e-m+fp/hard/libc_nano.a(libc_a-exit.o) (__stdio_exit_handler)
/home/giovannimasi/st/stm32cubeide_1.16.1/plugins/com.st.stm32cube.ide.mcu.externaltools.gnu-tools-for-stm32.12.3.rel1.linux64_1.0.200.202406132123/tools/bin/../lib/gcc/arm-none-eabi/12.3.1/../../../../arm-none-eabi/lib/thumb/v7e-m+fp/hard/libc_nano.a(libc_a-fwalk.o)
                              /home/giovannimasi/st/stm32cubeide_1.16.1/plugins/com.st.stm32cube.ide.mcu.externaltools.gnu-tools-for-stm32.12.3.rel1.linux64_1.0.200.202406132123/tools/bin/../lib/gcc/arm-none-eabi/12.3.1/../../../../arm-none-eabi/lib/thumb/v7e-m+fp/hard/libc_nano.a(libc_a-findfp.o) (_fwalk_sglue)
/home/giovannimasi/st/stm32cubeide_1.16.1/plugins/com.st.stm32cube.ide.mcu.externaltools.gnu-tools-for-stm32.12.3.rel1.linux64_1.0.200.202406132123/tools/bin/../lib/gcc/arm-none-eabi/12.3.1/../../../../arm-none-eabi/lib/thumb/v7e-m+fp/hard/libc_nano.a(libc_a-printf.o)
                              ./Core/Src/bno055.o (printf)
/home/giovannimasi/st/stm32cubeide_1.16.1/plugins/com.st.stm32cube.ide.mcu.externaltools.gnu-tools-for-stm32.12.3.rel1.linux64_1.0.200.202406132123/tools/bin/../lib/gcc/arm-none-eabi/12.3.1/../../../../arm-none-eabi/lib/thumb/v7e-m+fp/hard/libc_nano.a(libc_a-puts.o)
                              ./Core/Src/bno055.o (puts)
/home/giovannimasi/st/stm32cubeide_1.16.1/plugins/com.st.stm32cube.ide.mcu.externaltools.gnu-tools-for-stm32.12.3.rel1.linux64_1.0.200.202406132123/tools/bin/../lib/gcc/arm-none-eabi/12.3.1/../../../../arm-none-eabi/lib/thumb/v7e-m+fp/hard/libc_nano.a(libc_a-sprintf.o)
                              /home/giovannimasi/st/stm32cubeide_1.16.1/plugins/com.st.stm32cube.ide.mcu.externaltools.gnu-tools-for-stm32.12.3.rel1.linux64_1.0.200.202406132123/tools/bin/../lib/gcc/arm-none-eabi/12.3.1/../../../../arm-none-eabi/lib/thumb/v7e-m+fp/hard/libc_nano.a(libc_a-nano-vfscanf_float.o) (sprintf)
/home/giovannimasi/st/stm32cubeide_1.16.1/plugins/com.st.stm32cube.ide.mcu.externaltools.gnu-tools-for-stm32.12.3.rel1.linux64_1.0.200.202406132123/tools/bin/../lib/gcc/arm-none-eabi/12.3.1/../../../../arm-none-eabi/lib/thumb/v7e-m+fp/hard/libc_nano.a(libc_a-stdio.o)
                              /home/giovannimasi/st/stm32cubeide_1.16.1/plugins/com.st.stm32cube.ide.mcu.externaltools.gnu-tools-for-stm32.12.3.rel1.linux64_1.0.200.202406132123/tools/bin/../lib/gcc/arm-none-eabi/12.3.1/../../../../arm-none-eabi/lib/thumb/v7e-m+fp/hard/libc_nano.a(libc_a-findfp.o) (__sread)
[...]
Memory Configuration

Name             Origin             Length             Attributes
FLASH            0x08100000         0x00100000         xr
RAM              0x10000000         0x00048000         xrw
*default*        0x00000000         0xffffffff

Linker script and memory map

LOAD /home/giovannimasi/st/stm32cubeide_1.16.1/plugins/com.st.stm32cube.ide.mcu.externaltools.gnu-tools-for-stm32.12.3.rel1.linux64_1.0.200.202406132123/tools/bin/../lib/gcc/arm-none-eabi/12.3.1/thumb/v7e-m+fp/hard/crti.o
LOAD /home/giovannimasi/st/stm32cubeide_1.16.1/plugins/com.st.stm32cube.ide.mcu.externaltools.gnu-tools-for-stm32.12.3.rel1.linux64_1.0.200.202406132123/tools/bin/../lib/gcc/arm-none-eabi/12.3.1/thumb/v7e-m+fp/hard/crtbegin.o
LOAD /home/giovannimasi/st/stm32cubeide_1.16.1/plugins/com.st.stm32cube.ide.mcu.externaltools.gnu-tools-for-stm32.12.3.rel1.linux64_1.0.200.202406132123/tools/bin/../lib/gcc/arm-none-eabi/12.3.1/../../../../arm-none-eabi/lib/thumb/v7e-m+fp/hard/crt0.o
LOAD ./Common/Src/system_stm32h7xx_dualcore_boot_cm4_cm7.o
LOAD ./Core/Src/ESC.o
LOAD ./Core/Src/PID.o
LOAD ./Core/Src/bno055.o
LOAD ./Core/Src/main.o
LOAD ./Core/Src/stm32h7xx_hal_msp.o
LOAD ./Core/Src/stm32h7xx_it.o
LOAD ./Core/Src/syscalls.o
LOAD ./Core/Src/sysmem.o
LOAD ./Core/Startup/startup_stm32h745zitx.o
LOAD ./Drivers/STM32H7xx_HAL_Driver/stm32h7xx_hal.o
LOAD ./Drivers/STM32H7xx_HAL_Driver/stm32h7xx_hal_cortex.o
LOAD ./Drivers/STM32H7xx_HAL_Driver/stm32h7xx_hal_dma.o
LOAD ./Drivers/STM32H7xx_HAL_Driver/stm32h7xx_hal_dma_ex.o
LOAD ./Drivers/STM32H7xx_HAL_Driver/stm32h7xx_hal_eth.o
LOAD ./Drivers/STM32H7xx_HAL_Driver/stm32h7xx_hal_eth_ex.o
LOAD ./Drivers/STM32H7xx_HAL_Driver/stm32h7xx_hal_exti.o
LOAD ./Drivers/STM32H7xx_HAL_Driver/stm32h7xx_hal_flash.o
LOAD ./Drivers/STM32H7xx_HAL_Driver/stm32h7xx_hal_flash_ex.o
LOAD ./Drivers/STM32H7xx_HAL_Driver/stm32h7xx_hal_gpio.o
LOAD ./Drivers/STM32H7xx_HAL_Driver/stm32h7xx_hal_hsem.o
LOAD ./Drivers/STM32H7xx_HAL_Driver/stm32h7xx_hal_i2c.o
LOAD ./Drivers/STM32H7xx_HAL_Driver/stm32h7xx_hal_i2c_ex.o
LOAD ./Drivers/STM32H7xx_HAL_Driver/stm32h7xx_hal_mdma.o
LOAD ./Drivers/STM32H7xx_HAL_Driver/stm32h7xx_hal_pwr.o
LOAD ./Drivers/STM32H7xx_HAL_Driver/stm32h7xx_hal_pwr_ex.o
LOAD ./Drivers/STM32H7xx_HAL_Driver/stm32h7xx_hal_rcc.o
LOAD ./Drivers/STM32H7xx_HAL_Driver/stm32h7xx_hal_rcc_ex.o
LOAD ./Drivers/STM32H7xx_HAL_Driver/stm32h7xx_hal_tim.o
LOAD ./Drivers/STM32H7xx_HAL_Driver/stm32h7xx_hal_tim_ex.o
LOAD ./Drivers/STM32H7xx_HAL_Driver/stm32h7xx_hal_uart.o
LOAD ./Drivers/STM32H7xx_HAL_Driver/stm32h7xx_hal_uart_ex.o
START GROUP
LOAD /home/giovannimasi/st/stm32cubeide_1.16.1/plugins/com.st.stm32cube.ide.mcu.externaltools.gnu-tools-for-stm32.12.3.rel1.linux64_1.0.200.202406132123/tools/bin/../lib/gcc/arm-none-eabi/12.3.1/../../../../arm-none-eabi/lib/thumb/v7e-m+fp/hard/libc_nano.a
LOAD /home/giovannimasi/st/stm32cubeide_1.16.1/plugins/com.st.stm32cube.ide.mcu.externaltools.gnu-tools-for-stm32.12.3.rel1.linux64_1.0.200.202406132123/tools/bin/../lib/gcc/arm-none-eabi/12.3.1/../../../../arm-none-eabi/lib/thumb/v7e-m+fp/hard/libm.a
END GROUP
START GROUP
LOAD /home/giovannimasi/st/stm32cubeide_1.16.1/plugins/com.st.stm32cube.ide.mcu.externaltools.gnu-tools-for-stm32.12.3.rel1.linux64_1.0.200.202406132123/tools/bin/../lib/gcc/arm-none-eabi/12.3.1/thumb/v7e-m+fp/hard/libgcc.a
LOAD /home/giovannimasi/st/stm32cubeide_1.16.1/plugins/com.st.stm32cube.ide.mcu.externaltools.gnu-tools-for-stm32.12.3.rel1.linux64_1.0.200.202406132123/tools/bin/../lib/gcc/arm-none-eabi/12.3.1/../../../../arm-none-eabi/lib/thumb/v7e-m+fp/hard/libc_nano.a
END GROUP
START GROUP
LOAD /home/giovannimasi/st/stm32cubeide_1.16.1/plugins/com.st.stm32cube.ide.mcu.externaltools.gnu-tools-for-stm32.12.3.rel1.linux64_1.0.200.202406132123/tools/bin/../lib/gcc/arm-none-eabi/12.3.1/thumb/v7e-m+fp/hard/libgcc.a
LOAD /home/giovannimasi/st/stm32cubeide_1.16.1/plugins/com.st.stm32cube.ide.mcu.externaltools.gnu-tools-for-stm32.12.3.rel1.linux64_1.0.200.202406132123/tools/bin/../lib/gcc/arm-none-eabi/12.3.1/../../../../arm-none-eabi/lib/thumb/v7e-m+fp/hard/libc_nano.a
LOAD /home/giovannimasi/st/stm32cubeide_1.16.1/plugins/com.st.stm32cube.ide.mcu.externaltools.gnu-tools-for-stm32.12.3.rel1.linux64_1.0.200.202406132123/tools/bin/../lib/gcc/arm-none-eabi/12.3.1/../../../../arm-none-eabi/lib/thumb/v7e-m+fp/hard/libnosys.a
END GROUP
START GROUP
LOAD /home/giovannimasi/st/stm32cubeide_1.16.1/plugins/com.st.stm32cube.ide.mcu.externaltools.gnu-tools-for-stm32.12.3.rel1.linux64_1.0.200.202406132123/tools/bin/../lib/gcc/arm-none-eabi/12.3.1/thumb/v7e-m+fp/hard/libgcc.a
LOAD /home/giovannimasi/st/stm32cubeide_1.16.1/plugins/com.st.stm32cube.ide.mcu.externaltools.gnu-tools-for-stm32.12.3.rel1.linux64_1.0.200.202406132123/tools/bin/../lib/gcc/arm-none-eabi/12.3.1/../../../../arm-none-eabi/lib/thumb/v7e-m+fp/hard/libc_nano.a
LOAD /home/giovannimasi/st/stm32cubeide_1.16.1/plugins/com.st.stm32cube.ide.mcu.externaltools.gnu-tools-for-stm32.12.3.rel1.linux64_1.0.200.202406132123/tools/bin/../lib/gcc/arm-none-eabi/12.3.1/../../../../arm-none-eabi/lib/thumb/v7e-m+fp/hard/libnosys.a
END GROUP
LOAD /home/giovannimasi/st/stm32cubeide_1.16.1/plugins/com.st.stm32cube.ide.mcu.externaltools.gnu-tools-for-stm32.12.3.rel1.linux64_1.0.200.202406132123/tools/bin/../lib/gcc/arm-none-eabi/12.3.1/thumb/v7e-m+fp/hard/crtend.o
LOAD /home/giovannimasi/st/stm32cubeide_1.16.1/plugins/com.st.stm32cube.ide.mcu.externaltools.gnu-tools-for-stm32.12.3.rel1.linux64_1.0.200.202406132123/tools/bin/../lib/gcc/arm-none-eabi/12.3.1/thumb/v7e-m+fp/hard/crtn.o
                0x10048000                        _estack = (ORIGIN (RAM) + LENGTH (RAM))
                0x00000200                        _Min_Heap_Size = 0x200
                0x00000400                        _Min_Stack_Size = 0x400

.isr_vector     0x08100000      0x298
                0x08100000                        . = ALIGN (0x4)
 *(.isr_vector)
 .isr_vector    0x08100000      0x298 ./Core/Startup/startup_stm32h745zitx.o
                0x08100000                g_pfnVectors
                0x08100298                        . = ALIGN (0x4)

.text           0x081002a0     0xdfb0
                0x081002a0                        . = ALIGN (0x4)
 *(.text)
 .text          0x081002a0       0x40 /home/giovannimasi/st/stm32cubeide_1.16.1/plugins/com.st.stm32cube.ide.mcu.externaltools.gnu-tools-for-stm32.12.3.rel1.linux64_1.0.200.202406132123/tools/bin/../lib/gcc/arm-none-eabi/12.3.1/thumb/v7e-m+fp/hard/crtbegin.o
 .text          0x081002e0       0xa0 /home/giovannimasi/st/stm32cubeide_1.16.1/plugins/com.st.stm32cube.ide.mcu.externaltools.gnu-tools-for-stm32.12.3.rel1.linux64_1.0.200.202406132123/tools/bin/../lib/gcc/arm-none-eabi/12.3.1/../../../../arm-none-eabi/lib/thumb/v7e-m+fp/hard/libc_nano.a(libc_a-memchr.o)
                0x081002e0                memchr
 .text          0x08100380       0x10 /home/giovannimasi/st/stm32cubeide_1.16.1/plugins/com.st.stm32cube.ide.mcu.externaltools.gnu-tools-for-stm32.12.3.rel1.linux64_1.0.200.202406132123/tools/bin/../lib/gcc/arm-none-eabi/12.3.1/../../../../arm-none-eabi/lib/thumb/v7e-m+fp/hard/libc_nano.a(libc_a-strlen.o)
                0x08100380                strlen
 .text          0x08100390      0x378 /home/giovannimasi/st/stm32cubeide_1.16.1/plugins/com.st.stm32cube.ide.mcu.externaltools.gnu-tools-for-stm32.12.3.rel1.linux64_1.0.200.202406132123/tools/bin/../lib/gcc/arm-none-eabi/12.3.1/thumb/v7e-m+fp/hard/libgcc.a(_arm_addsubdf3.o)
                0x08100390                __aeabi_drsub
                0x08100398                __aeabi_dsub
                0x08100398                __subdf3
                0x0810039c                __adddf3
                0x0810039c                __aeabi_dadd
                0x08100614                __aeabi_ui2d
                0x08100614                __floatunsidf
                0x08100634                __floatsidf
                0x08100634                __aeabi_i2d
                0x08100658                __extendsfdf2
                0x08100658                __aeabi_f2d
                0x0810069c                __aeabi_ul2d
                0x0810069c                __floatundidf
                0x081006ac                __floatdidf
                0x081006ac                __aeabi_l2d
 .text          0x08100708      0x424 /home/giovannimasi/st/stm32cubeide_1.16.1/plugins/com.st.stm32cube.ide.mcu.externaltools.gnu-tools-for-stm32.12.3.rel1.linux64_1.0.200.202406132123/tools/bin/../lib/gcc/arm-none-eabi/12.3.1/thumb/v7e-m+fp/hard/libgcc.a(_arm_muldivdf3.o)
                0x08100708                __aeabi_dmul
                0x08100708                __muldf3
                0x0810095c                __aeabi_ddiv
                0x0810095c                __divdf3
 .text          0x08100b2c      0x110 /home/giovannimasi/st/stm32cubeide_1.16.1/plugins/com.st.stm32cube.ide.mcu.externaltools.gnu-tools-for-stm32.12.3.rel1.linux64_1.0.200.202406132123/tools/bin/../lib/gcc/arm-none-eabi/12.3.1/thumb/v7e-m+fp/hard/libgcc.a(_arm_cmpdf2.o)
                0x08100b2c                __gtdf2
                0x08100b2c                __gedf2
                0x08100b34                __ltdf2
                0x08100b34                __ledf2
                0x08100b3c                __cmpdf2
                0x08100b3c                __eqdf2
                0x08100b3c                __nedf2
                0x08100bb8                __aeabi_cdrcmple
                0x08100bc8                __aeabi_cdcmple
                0x08100bc8                __aeabi_cdcmpeq
                0x08100bd8                __aeabi_dcmpeq
                0x08100bec                __aeabi_dcmplt
                0x08100c00                __aeabi_dcmple
                0x08100c14                __aeabi_dcmpge
                0x08100c28                __aeabi_dcmpgt
 .text          0x08100c3c       0x2c /home/giovannimasi/st/stm32cubeide_1.16.1/plugins/com.st.stm32cube.ide.mcu.externaltools.gnu-tools-for-stm32.12.3.rel1.linux64_1.0.200.202406132123/tools/bin/../lib/gcc/arm-none-eabi/12.3.1/thumb/v7e-m+fp/hard/libgcc.a(_arm_unorddf2.o)
                0x08100c3c                __aeabi_dcmpun
                0x08100c3c                __unorddf2
 .text          0x08100c68       0x50 /home/giovannimasi/st/stm32cubeide_1.16.1/plugins/com.st.stm32cube.ide.mcu.externaltools.gnu-tools-for-stm32.12.3.rel1.linux64_1.0.200.202406132123/tools/bin/../lib/gcc/arm-none-eabi/12.3.1/thumb/v7e-m+fp/hard/libgcc.a(_arm_fixdfsi.o)
                0x08100c68                __fixdfsi
                0x08100c68                __aeabi_d2iz
 .text          0x08100cb8       0x40 /home/giovannimasi/st/stm32cubeide_1.16.1/plugins/com.st.stm32cube.ide.mcu.externaltools.gnu-tools-for-stm32.12.3.rel1.linux64_1.0.200.202406132123/tools/bin/../lib/gcc/arm-none-eabi/12.3.1/thumb/v7e-m+fp/hard/libgcc.a(_arm_fixunsdfsi.o)
                0x08100cb8                __fixunsdfsi
                0x08100cb8                __aeabi_d2uiz
 .text          0x08100cf8       0xa0 /home/giovannimasi/st/stm32cubeide_1.16.1/plugins/com.st.stm32cube.ide.mcu.externaltools.gnu-tools-for-stm32.12.3.rel1.linux64_1.0.200.202406132123/tools/bin/../lib/gcc/arm-none-eabi/12.3.1/thumb/v7e-m+fp/hard/libgcc.a(_arm_truncdfsf2.o)
                0x08100cf8                __aeabi_d2f
                0x08100cf8                __truncdfsf2
 .text          0x08100d98       0x30 /home/giovannimasi/st/stm32cubeide_1.16.1/plugins/com.st.stm32cube.ide.mcu.externaltools.gnu-tools-for-stm32.12.3.rel1.linux64_1.0.200.202406132123/tools/bin/../lib/gcc/arm-none-eabi/12.3.1/thumb/v7e-m+fp/hard/libgcc.a(_aeabi_uldivmod.o)
                0x08100d98                __aeabi_uldivmod
 .text          0x08100dc8       0x30 /home/giovannimasi/st/stm32cubeide_1.16.1/plugins/com.st.stm32cube.ide.mcu.externaltools.gnu-tools-for-stm32.12.3.rel1.linux64_1.0.200.202406132123/tools/bin/../lib/gcc/arm-none-eabi/12.3.1/thumb/v7e-m+fp/hard/libgcc.a(_fixdfdi.o)
                0x08100dc8                __aeabi_d2lz
                0x08100dc8                __fixdfdi
 .text          0x08100df8       0x3c /home/giovannimasi/st/stm32cubeide_1.16.1/plugins/com.st.stm32cube.ide.mcu.externaltools.gnu-tools-for-stm32.12.3.rel1.linux64_1.0.200.202406132123/tools/bin/../lib/gcc/arm-none-eabi/12.3.1/thumb/v7e-m+fp/hard/libgcc.a(_fixunsdfdi.o)
                0x08100df8                __aeabi_d2ulz
                0x08100df8                __fixunsdfdi
 .text          0x08100e34      0x2bc /home/giovannimasi/st/stm32cubeide_1.16.1/plugins/com.st.stm32cube.ide.mcu.externaltools.gnu-tools-for-stm32.12.3.rel1.linux64_1.0.200.202406132123/tools/bin/../lib/gcc/arm-none-eabi/12.3.1/thumb/v7e-m+fp/hard/libgcc.a(_udivmoddi4.o)
                0x08100e34                __udivmoddi4
 .text          0x081010f0        0x4 /home/giovannimasi/st/stm32cubeide_1.16.1/plugins/com.st.stm32cube.ide.mcu.externaltools.gnu-tools-for-stm32.12.3.rel1.linux64_1.0.200.202406132123/tools/bin/../lib/gcc/arm-none-eabi/12.3.1/thumb/v7e-m+fp/hard/libgcc.a(_dvmd_tls.o)
                0x081010f0                __aeabi_ldiv0
                0x081010f0                __aeabi_idiv0
 *(.text*)
 .text.SystemInit
                0x081010f4       0x30 ./Common/Src/system_stm32h7xx_dualcore_boot_cm4_cm7.o
                0x081010f4                SystemInit
 .text.ESC_Calibrate
                0x08101124       0xd8 ./Core/Src/ESC.o
                0x08101124                ESC_Calibrate
 *fill*         0x081011fc        0x4 
 .text.rangeDuty
                0x08101200       0x60 ./Core/Src/ESC.o
                0x08101200                rangeDuty
 .text.setPWM   0x08101260       0xf0 ./Core/Src/ESC.o
                0x08101260                setPWM
 .text.SpeedCompute
                0x08101350      0x2c0 ./Core/Src/ESC.o
                0x08101350                SpeedCompute
 .text.map      0x08101610       0xb8 ./Core/Src/ESC.o
                0x08101610                map
 .text.init_PID
                0x081016c8       0x60 ./Core/Src/PID.o
                0x081016c8                init_PID
 .text.PID_controller
                0x08101728       0xf0 ./Core/Src/PID.o
                0x08101728                PID_controller
 .text.bno055_setPage
                0x08101818       0x1c ./Core/Src/bno055.o
                0x08101818                bno055_setPage
 .text.bno055_setOperationMode
                0x08101834       0x30 ./Core/Src/bno055.o
                0x08101834                bno055_setOperationMode
 .text.bno055_setOperationModeConfig
                0x08101864        0xe ./Core/Src/bno055.o
                0x08101864                bno055_setOperationModeConfig
 .text.bno055_setOperationModeNDOF
                0x08101872        0xe ./Core/Src/bno055.o
                0x08101872                bno055_setOperationModeNDOF
 .text.bno055_reset
                0x08101880       0x18 ./Core/Src/bno055.o
                0x08101880                bno055_reset
 .text.bno055_setup
                0x08101898       0x50 ./Core/Src/bno055.o
                0x08101898                bno055_setup
 .text.bno055_getVector
                0x081018e8      0x288 ./Core/Src/bno055.o
                0x081018e8                bno055_getVector
 .text.bno055_getVectorEuler
                0x08101b70       0x86 ./Core/Src/bno055.o
                0x08101b70                bno055_getVectorEuler
 *fill*         0x08101bf6        0x2 
 .text.bno055_assignI2C
                0x08101bf8       0x20 ./Core/Src/bno055.o
                0x08101bf8                bno055_assignI2C
 .text.bno055_delay
                0x08101c18       0x18 ./Core/Src/bno055.o
                0x08101c18                bno055_delay
 .text.bno055_writeData
                0x08101c30      0x1b4 ./Core/Src/bno055.o
                0x08101c30                bno055_writeData
 .text.bno055_readData
                0x08101de4       0x98 ./Core/Src/bno055.o
                0x08101de4                bno055_readData
 .text.main     0x08101e7c      0x184 ./Core/Src/main.o
                0x08101e7c                main
 .text.MX_I2C1_Init
                0x08102000       0x80 ./Core/Src/main.o
 .text.MX_TIM1_Init
                0x08102080       0xa8 ./Core/Src/main.o
 .text.MX_TIM3_Init
                0x08102128      0x130 ./Core/Src/main.o
 .text.MX_TIM5_Init
                0x08102258      0x13c ./Core/Src/main.o
 .text.MX_USART3_UART_Init
                0x08102394       0x98 ./Core/Src/main.o
                0x08102394                MX_USART3_UART_Init
 .text.MX_GPIO_Init
                0x0810242c       0x90 ./Core/Src/main.o
 .text.stopMotors
                0x081024bc       0xf0 ./Core/Src/main.o
                0x081024bc                stopMotors
 *fill*         0x081025ac        0x4 
 .text.armingMotors
                0x081025b0       0xb0 ./Core/Src/main.o
                0x081025b0                armingMotors
 .text.readImu  0x08102660       0xb8 ./Core/Src/main.o
                0x08102660                readImu
 .text.stabilize
                0x08102718      0x234 ./Core/Src/main.o
                0x08102718                stabilize
 .text.HAL_TIM_PeriodElapsedCallback
                0x0810294c       0x48 ./Core/Src/main.o
                0x0810294c                HAL_TIM_PeriodElapsedCallback
 .text.HAL_TIM_IC_CaptureCallback
                0x08102994       0x74 ./Core/Src/main.o
                0x08102994                HAL_TIM_IC_CaptureCallback
 .text.__io_putchar
                0x08102a08       0x24 ./Core/Src/main.o
                0x08102a08                __io_putchar
 .text.Error_Handler
                0x08102a2c        0xc ./Core/Src/main.o
                0x08102a2c                Error_Handler
 .text.HAL_MspInit
                0x08102a38       0x34 ./Core/Src/stm32h7xx_hal_msp.o
                0x08102a38                HAL_MspInit
 .text.HAL_I2C_MspInit
                0x08102a6c       0xd0 ./Core/Src/stm32h7xx_hal_msp.o
                0x08102a6c                HAL_I2C_MspInit
 .text.HAL_TIM_Base_MspInit
                0x08102b3c      0x110 ./Core/Src/stm32h7xx_hal_msp.o
                0x08102b3c                HAL_TIM_Base_MspInit
 .text.HAL_TIM_MspPostInit
                0x08102c4c       0xfc ./Core/Src/stm32h7xx_hal_msp.o
                0x08102c4c                HAL_TIM_MspPostInit
 .text.HAL_UART_MspInit
                0x08102d48       0xd4 ./Core/Src/stm32h7xx_hal_msp.o
                0x08102d48                HAL_UART_MspInit
 .text.NMI_Handler
                0x08102e1c        0x8 ./Core/Src/stm32h7xx_it.o
                0x08102e1c                NMI_Handler
 .text.HardFault_Handler
                0x08102e24        0x8 ./Core/Src/stm32h7xx_it.o
                0x08102e24                HardFault_Handler
 .text.MemManage_Handler
                0x08102e2c        0x8 ./Core/Src/stm32h7xx_it.o
                0x08102e2c                MemManage_Handler
 .text.BusFault_Handler
                0x08102e34        0x8 ./Core/Src/stm32h7xx_it.o
                0x08102e34                BusFault_Handler
 .text.UsageFault_Handler
                0x08102e3c        0x8 ./Core/Src/stm32h7xx_it.o
                0x08102e3c                UsageFault_Handler
 .text.SVC_Handler
                0x08102e44        0xe ./Core/Src/stm32h7xx_it.o
                0x08102e44                SVC_Handler
 .text.DebugMon_Handler
                0x08102e52        0xe ./Core/Src/stm32h7xx_it.o
                0x08102e52                DebugMon_Handler
 .text.PendSV_Handler
                0x08102e60        0xe ./Core/Src/stm32h7xx_it.o
                0x08102e60                PendSV_Handler
 .text.SysTick_Handler
                0x08102e6e        0xc ./Core/Src/stm32h7xx_it.o
                0x08102e6e                SysTick_Handler
 *fill*         0x08102e7a        0x2 
 .text.TIM1_UP_IRQHandler
                0x08102e7c       0x14 ./Core/Src/stm32h7xx_it.o
                0x08102e7c                TIM1_UP_IRQHandler
 .text.TIM5_IRQHandler
                0x08102e90       0x14 ./Core/Src/stm32h7xx_it.o
                0x08102e90                TIM5_IRQHandler
 .text._getpid  0x08102ea4       0x10 ./Core/Src/syscalls.o
                0x08102ea4                _getpid
 .text._kill    0x08102eb4       0x20 ./Core/Src/syscalls.o
                0x08102eb4                _kill
 .text._exit    0x08102ed4       0x16 ./Core/Src/syscalls.o
                0x08102ed4                _exit
 .text._read    0x08102eea       0x3a ./Core/Src/syscalls.o
                0x08102eea                _read
 .text._write   0x08102f24       0x38 ./Core/Src/syscalls.o
                0x08102f24                _write
 .text._close   0x08102f5c       0x18 ./Core/Src/syscalls.o
                0x08102f5c                _close
 .text._fstat   0x08102f74       0x20 ./Core/Src/syscalls.o
                0x08102f74                _fstat
 .text._isatty  0x08102f94       0x16 ./Core/Src/syscalls.o
                0x08102f94                _isatty
 .text._lseek   0x08102faa       0x1a ./Core/Src/syscalls.o
                0x08102faa                _lseek
 .text._sbrk    0x08102fc4       0x6c ./Core/Src/sysmem.o
                0x08102fc4                _sbrk
 .text.Reset_Handler
                0x08103030       0x50 ./Core/Startup/startup_stm32h745zitx.o
                0x08103030                Reset_Handler
 .text.Default_Handler
                0x08103080        0x2 ./Core/Startup/startup_stm32h745zitx.o
                0x08103080                RTC_Alarm_IRQHandler
                0x08103080                EXTI2_IRQHandler
                0x08103080                TIM8_CC_IRQHandler
                0x08103080                HRTIM1_Master_IRQHandler
                0x08103080                UART8_IRQHandler
                0x08103080                SPI4_IRQHandler
                0x08103080                TIM1_CC_IRQHandler
                0x08103080                BDMA_Channel6_IRQHandler
                0x08103080                DMA2_Stream5_IRQHandler
                0x08103080                HRTIM1_FLT_IRQHandler
                0x08103080                JPEG_IRQHandler
                0x08103080                DMA1_Stream5_IRQHandler
                0x08103080                BDMA_Channel1_IRQHandler
                0x08103080                HRTIM1_TIMD_IRQHandler
                0x08103080                TAMP_STAMP_IRQHandler
                0x08103080                EXTI3_IRQHandler
                0x08103080                LPTIM4_IRQHandler
                0x08103080                TIM8_TRG_COM_TIM14_IRQHandler
                0x08103080                LPTIM2_IRQHandler
                0x08103080                DFSDM1_FLT1_IRQHandler
                0x08103080                DMAMUX2_OVR_IRQHandler
                0x08103080                TIM8_UP_TIM13_IRQHandler
                0x08103080                I2C3_ER_IRQHandler
                0x08103080                DFSDM1_FLT2_IRQHandler
                0x08103080                MDMA_IRQHandler
                0x08103080                LPTIM3_IRQHandler
                0x08103080                HSEM1_IRQHandler
                0x08103080                EXTI0_IRQHandler
                0x08103080                I2C2_EV_IRQHandler
                0x08103080                DMA1_Stream2_IRQHandler
                0x08103080                FPU_IRQHandler
                0x08103080                OTG_HS_WKUP_IRQHandler
                0x08103080                FDCAN1_IT1_IRQHandler
                0x08103080                LTDC_ER_IRQHandler
                0x08103080                DMA2_Stream2_IRQHandler
                0x08103080                HRTIM1_TIME_IRQHandler
                0x08103080                SPI1_IRQHandler
                0x08103080                TIM6_DAC_IRQHandler
                0x08103080                DCMI_IRQHandler
                0x08103080                HRTIM1_TIMC_IRQHandler
                0x08103080                DMA2_Stream3_IRQHandler
                0x08103080                SAI2_IRQHandler
                0x08103080                DFSDM1_FLT3_IRQHandler
                0x08103080                USART6_IRQHandler
                0x08103080                TIM17_IRQHandler
                0x08103080                USART3_IRQHandler
                0x08103080                BDMA_Channel7_IRQHandler
                0x08103080                LPTIM5_IRQHandler
                0x08103080                UART5_IRQHandler
                0x08103080                ADC3_IRQHandler
                0x08103080                DMA2_Stream0_IRQHandler
                0x08103080                TIM4_IRQHandler
                0x08103080                BDMA_Channel2_IRQHandler
                0x08103080                QUADSPI_IRQHandler
                0x08103080                I2C1_EV_IRQHandler
                0x08103080                DMA1_Stream6_IRQHandler
                0x08103080                DMAMUX1_OVR_IRQHandler
                0x08103080                DMA1_Stream1_IRQHandler
                0x08103080                TIM16_IRQHandler
                0x08103080                UART4_IRQHandler
                0x08103080                BDMA_Channel5_IRQHandler
                0x08103080                TIM3_IRQHandler
                0x08103080                RCC_IRQHandler
                0x08103080                TIM8_BRK_TIM12_IRQHandler
                0x08103080                TIM1_TRG_COM_IRQHandler
                0x08103080                Default_Handler
                0x08103080                ECC_IRQHandler
                0x08103080                CEC_IRQHandler
                0x08103080                EXTI15_10_IRQHandler
                0x08103080                BDMA_Channel0_IRQHandler
                0x08103080                ADC_IRQHandler
                0x08103080                DMA1_Stream7_IRQHandler
                0x08103080                HRTIM1_TIMA_IRQHandler
                0x08103080                SPI5_IRQHandler
                0x08103080                TIM7_IRQHandler
                0x08103080                SDMMC1_IRQHandler
                0x08103080                DMA2_Stream7_IRQHandler
                0x08103080                TIM15_IRQHandler
                0x08103080                PVD_AVD_IRQHandler
                0x08103080                I2C3_EV_IRQHandler
                0x08103080                EXTI9_5_IRQHandler
                0x08103080                RTC_WKUP_IRQHandler
                0x08103080                LTDC_IRQHandler
                0x08103080                SAI3_IRQHandler
                0x08103080                ETH_WKUP_IRQHandler
                0x08103080                SPDIF_RX_IRQHandler
                0x08103080                SPI2_IRQHandler
                0x08103080                OTG_HS_EP1_IN_IRQHandler
                0x08103080                DMA1_Stream0_IRQHandler
                0x08103080                CRS_IRQHandler
                0x08103080                CM7_SEV_IRQHandler
                0x08103080                EXTI4_IRQHandler
                0x08103080                RNG_IRQHandler
                0x08103080                CM4_SEV_IRQHandler
                0x08103080                HRTIM1_TIMB_IRQHandler
                0x08103080                FDCAN2_IT1_IRQHandler
                0x08103080                ETH_IRQHandler
                0x08103080                WWDG_RST_IRQHandler
                0x08103080                BDMA_Channel4_IRQHandler
                0x08103080                OTG_HS_EP1_OUT_IRQHandler
                0x08103080                WWDG_IRQHandler
                0x08103080                SPI6_IRQHandler
                0x08103080                MDIOS_IRQHandler
                0x08103080                I2C4_EV_IRQHandler
                0x08103080                FDCAN2_IT0_IRQHandler
                0x08103080                LPUART1_IRQHandler
                0x08103080                FDCAN1_IT0_IRQHandler
                0x08103080                TIM2_IRQHandler
                0x08103080                OTG_FS_WKUP_IRQHandler
                0x08103080                OTG_HS_IRQHandler
                0x08103080                HSEM2_IRQHandler
                0x08103080                DMA2D_IRQHandler
                0x08103080                TIM1_BRK_IRQHandler
                0x08103080                EXTI1_IRQHandler
                0x08103080                SDMMC2_IRQHandler
                0x08103080                OTG_FS_EP1_OUT_IRQHandler
                0x08103080                BDMA_Channel3_IRQHandler
                0x08103080                HOLD_CORE_IRQHandler
                0x08103080                UART7_IRQHandler
                0x08103080                MDIOS_WKUP_IRQHandler
                0x08103080                USART2_IRQHandler
                0x08103080                DFSDM1_FLT0_IRQHandler
                0x08103080                SAI4_IRQHandler
                0x08103080                I2C2_ER_IRQHandler
                0x08103080                DMA2_Stream1_IRQHandler
                0x08103080                FLASH_IRQHandler
                0x08103080                DMA2_Stream4_IRQHandler
                0x08103080                USART1_IRQHandler
                0x08103080                OTG_FS_IRQHandler
                0x08103080                SPI3_IRQHandler
                0x08103080                WAKEUP_PIN_IRQHandler
                0x08103080                DMA1_Stream4_IRQHandler
                0x08103080                OTG_FS_EP1_IN_IRQHandler
                0x08103080                I2C1_ER_IRQHandler
                0x08103080                FMC_IRQHandler
                0x08103080                FDCAN_CAL_IRQHandler
                0x08103080                SWPMI1_IRQHandler
                0x08103080                COMP1_IRQHandler
                0x08103080                LPTIM1_IRQHandler
                0x08103080                I2C4_ER_IRQHandler
                0x08103080                DMA2_Stream6_IRQHandler
                0x08103080                SAI1_IRQHandler
                0x08103080                DMA1_Stream3_IRQHandler
 *fill*         0x08103082        0x2 
 .text.HAL_Init
                0x08103084       0xbc ./Drivers/STM32H7xx_HAL_Driver/stm32h7xx_hal.o
                0x08103084                HAL_Init
 .text.HAL_InitTick
                0x08103140       0x6c ./Drivers/STM32H7xx_HAL_Driver/stm32h7xx_hal.o
                0x08103140                HAL_InitTick
 .text.HAL_IncTick
                0x081031ac       0x28 ./Drivers/STM32H7xx_HAL_Driver/stm32h7xx_hal.o
                0x081031ac                HAL_IncTick
 .text.HAL_GetTick
                0x081031d4       0x18 ./Drivers/STM32H7xx_HAL_Driver/stm32h7xx_hal.o
                0x081031d4                HAL_GetTick
 .text.HAL_Delay
                0x081031ec       0x48 ./Drivers/STM32H7xx_HAL_Driver/stm32h7xx_hal.o
                0x081031ec                HAL_Delay
 .text.__NVIC_SetPriorityGrouping
                0x08103234       0x48 ./Drivers/STM32H7xx_HAL_Driver/stm32h7xx_hal_cortex.o
 .text.__NVIC_GetPriorityGrouping
                0x0810327c       0x1c ./Drivers/STM32H7xx_HAL_Driver/stm32h7xx_hal_cortex.o
 .text.__NVIC_EnableIRQ
                0x08103298       0x3c ./Drivers/STM32H7xx_HAL_Driver/stm32h7xx_hal_cortex.o
 .text.__NVIC_SetPriority
                0x081032d4       0x54 ./Drivers/STM32H7xx_HAL_Driver/stm32h7xx_hal_cortex.o
 .text.NVIC_EncodePriority
                0x08103328       0x66 ./Drivers/STM32H7xx_HAL_Driver/stm32h7xx_hal_cortex.o
 *fill*         0x0810338e        0x2 
 .text.SysTick_Config
                0x08103390       0x44 ./Drivers/STM32H7xx_HAL_Driver/stm32h7xx_hal_cortex.o
 .text.HAL_NVIC_SetPriorityGrouping
                0x081033d4       0x16 ./Drivers/STM32H7xx_HAL_Driver/stm32h7xx_hal_cortex.o
                0x081033d4                HAL_NVIC_SetPriorityGrouping
 .text.HAL_NVIC_SetPriority
                0x081033ea       0x34 ./Drivers/STM32H7xx_HAL_Driver/stm32h7xx_hal_cortex.o
                0x081033ea                HAL_NVIC_SetPriority
 .text.HAL_NVIC_EnableIRQ
                0x0810341e       0x1c ./Drivers/STM32H7xx_HAL_Driver/stm32h7xx_hal_cortex.o
                0x0810341e                HAL_NVIC_EnableIRQ
 .text.HAL_SYSTICK_Config
                0x0810343a       0x18 ./Drivers/STM32H7xx_HAL_Driver/stm32h7xx_hal_cortex.o
                0x0810343a                HAL_SYSTICK_Config
 *fill*         0x08103452        0x2 
 .text.HAL_GetCurrentCPUID
                0x08103454       0x28 ./Drivers/STM32H7xx_HAL_Driver/stm32h7xx_hal_cortex.o
                0x08103454                HAL_GetCurrentCPUID
 .text.HAL_GPIO_Init
                0x0810347c      0x360 ./Drivers/STM32H7xx_HAL_Driver/stm32h7xx_hal_gpio.o
                0x0810347c                HAL_GPIO_Init
 .text.HAL_HSEM_ActivateNotification
                0x081037dc       0x24 ./Drivers/STM32H7xx_HAL_Driver/stm32h7xx_hal_hsem.o
                0x081037dc                HAL_HSEM_ActivateNotification
 .text.HAL_I2C_Init
                0x08103800      0x136 ./Drivers/STM32H7xx_HAL_Driver/stm32h7xx_hal_i2c.o
                0x08103800                HAL_I2C_Init
 *fill*         0x08103936        0x2 
 .text.HAL_I2C_Master_Transmit
                0x08103938      0x230 ./Drivers/STM32H7xx_HAL_Driver/stm32h7xx_hal_i2c.o
                0x08103938                HAL_I2C_Master_Transmit
 .text.HAL_I2C_Master_Receive
                0x08103b68      0x1ec ./Drivers/STM32H7xx_HAL_Driver/stm32h7xx_hal_i2c.o
                0x08103b68                HAL_I2C_Master_Receive
 .text.HAL_I2C_GetState
                0x08103d54       0x1c ./Drivers/STM32H7xx_HAL_Driver/stm32h7xx_hal_i2c.o
                0x08103d54                HAL_I2C_GetState
 .text.HAL_I2C_GetError
                0x08103d70       0x18 ./Drivers/STM32H7xx_HAL_Driver/stm32h7xx_hal_i2c.o
                0x08103d70                HAL_I2C_GetError
 .text.I2C_Flush_TXDR
                0x08103d88       0x48 ./Drivers/STM32H7xx_HAL_Driver/stm32h7xx_hal_i2c.o
 .text.I2C_WaitOnFlagUntilTimeout
                0x08103dd0       0xb2 ./Drivers/STM32H7xx_HAL_Driver/stm32h7xx_hal_i2c.o
 .text.I2C_WaitOnTXISFlagUntilTimeout
                0x08103e82       0x8e ./Drivers/STM32H7xx_HAL_Driver/stm32h7xx_hal_i2c.o
 .text.I2C_WaitOnSTOPFlagUntilTimeout
                0x08103f10       0x86 ./Drivers/STM32H7xx_HAL_Driver/stm32h7xx_hal_i2c.o
 *fill*         0x08103f96        0x2 
 .text.I2C_WaitOnRXNEFlagUntilTimeout
                0x08103f98      0x118 ./Drivers/STM32H7xx_HAL_Driver/stm32h7xx_hal_i2c.o
 .text.I2C_IsErrorOccurred
                0x081040b0      0x1c0 ./Drivers/STM32H7xx_HAL_Driver/stm32h7xx_hal_i2c.o
 .text.I2C_TransferConfig
                0x08104270       0x64 ./Drivers/STM32H7xx_HAL_Driver/stm32h7xx_hal_i2c.o
 .text.HAL_I2CEx_ConfigAnalogFilter
                0x081042d4       0x96 ./Drivers/STM32H7xx_HAL_Driver/stm32h7xx_hal_i2c_ex.o
                0x081042d4                HAL_I2CEx_ConfigAnalogFilter
 .text.HAL_I2CEx_ConfigDigitalFilter
                0x0810436a       0x98 ./Drivers/STM32H7xx_HAL_Driver/stm32h7xx_hal_i2c_ex.o
                0x0810436a                HAL_I2CEx_ConfigDigitalFilter
 *fill*         0x08104402        0x2 
 .text.HAL_PWREx_EnterSTOPMode
                0x08104404       0xf4 ./Drivers/STM32H7xx_HAL_Driver/stm32h7xx_hal_pwr_ex.o
                0x08104404                HAL_PWREx_EnterSTOPMode
 .text.HAL_PWREx_ClearPendingEvent
                0x081044f8       0x1a ./Drivers/STM32H7xx_HAL_Driver/stm32h7xx_hal_pwr_ex.o
                0x081044f8                HAL_PWREx_ClearPendingEvent
 *fill*         0x08104512        0x2 
 .text.HAL_RCC_GetSysClockFreq
                0x08104514      0x2f4 ./Drivers/STM32H7xx_HAL_Driver/stm32h7xx_hal_rcc.o
                0x08104514                HAL_RCC_GetSysClockFreq
 .text.HAL_RCC_GetHCLKFreq
                0x08104808       0x64 ./Drivers/STM32H7xx_HAL_Driver/stm32h7xx_hal_rcc.o
                0x08104808                HAL_RCC_GetHCLKFreq
 .text.HAL_RCC_GetPCLK1Freq
                0x0810486c       0x2c ./Drivers/STM32H7xx_HAL_Driver/stm32h7xx_hal_rcc.o
                0x0810486c                HAL_RCC_GetPCLK1Freq
 .text.HAL_RCC_GetPCLK2Freq
                0x08104898       0x2c ./Drivers/STM32H7xx_HAL_Driver/stm32h7xx_hal_rcc.o
                0x08104898                HAL_RCC_GetPCLK2Freq
 .text.HAL_RCCEx_PeriphCLKConfig
                0x081048c4     0x1414 ./Drivers/STM32H7xx_HAL_Driver/stm32h7xx_hal_rcc_ex.o
                0x081048c4                HAL_RCCEx_PeriphCLKConfig
 .text.HAL_RCCEx_GetD3PCLK1Freq
                0x08105cd8       0x2c ./Drivers/STM32H7xx_HAL_Driver/stm32h7xx_hal_rcc_ex.o
                0x08105cd8                HAL_RCCEx_GetD3PCLK1Freq
 .text.HAL_RCCEx_GetPLL2ClockFreq
                0x08105d04      0x2a8 ./Drivers/STM32H7xx_HAL_Driver/stm32h7xx_hal_rcc_ex.o
                0x08105d04                HAL_RCCEx_GetPLL2ClockFreq
 .text.HAL_RCCEx_GetPLL3ClockFreq
                0x08105fac      0x2a8 ./Drivers/STM32H7xx_HAL_Driver/stm32h7xx_hal_rcc_ex.o
                0x08105fac                HAL_RCCEx_GetPLL3ClockFreq
 .text.RCCEx_PLL2_Config
                0x08106254      0x164 ./Drivers/STM32H7xx_HAL_Driver/stm32h7xx_hal_rcc_ex.o
 .text.RCCEx_PLL3_Config
                0x081063b8      0x164 ./Drivers/STM32H7xx_HAL_Driver/stm32h7xx_hal_rcc_ex.o
 .text.HAL_TIM_Base_Init
                0x0810651c       0xae ./Drivers/STM32H7xx_HAL_Driver/stm32h7xx_hal_tim.o
                0x0810651c                HAL_TIM_Base_Init
 *fill*         0x081065ca        0x2 
 .text.HAL_TIM_Base_Start_IT
                0x081065cc       0xf0 ./Drivers/STM32H7xx_HAL_Driver/stm32h7xx_hal_tim.o
                0x081065cc                HAL_TIM_Base_Start_IT
 .text.HAL_TIM_PWM_Init
                0x081066bc       0xae ./Drivers/STM32H7xx_HAL_Driver/stm32h7xx_hal_tim.o
                0x081066bc                HAL_TIM_PWM_Init
 .text.HAL_TIM_PWM_MspInit
                0x0810676a       0x14 ./Drivers/STM32H7xx_HAL_Driver/stm32h7xx_hal_tim.o
                0x0810676a                HAL_TIM_PWM_MspInit
 *fill*         0x0810677e        0x2 
 .text.HAL_TIM_PWM_Start
                0x08106780      0x21c ./Drivers/STM32H7xx_HAL_Driver/stm32h7xx_hal_tim.o
                0x08106780                HAL_TIM_PWM_Start
 .text.HAL_TIM_IC_Init
                0x0810699c       0xae ./Drivers/STM32H7xx_HAL_Driver/stm32h7xx_hal_tim.o
                0x0810699c                HAL_TIM_IC_Init
 .text.HAL_TIM_IC_MspInit
                0x08106a4a       0x14 ./Drivers/STM32H7xx_HAL_Driver/stm32h7xx_hal_tim.o
                0x08106a4a                HAL_TIM_IC_MspInit
 *fill*         0x08106a5e        0x2 
 .text.HAL_TIM_IC_Start
                0x08106a60      0x208 ./Drivers/STM32H7xx_HAL_Driver/stm32h7xx_hal_tim.o
                0x08106a60                HAL_TIM_IC_Start
 .text.HAL_TIM_IC_Start_IT
                0x08106c68      0x2a0 ./Drivers/STM32H7xx_HAL_Driver/stm32h7xx_hal_tim.o
                0x08106c68                HAL_TIM_IC_Start_IT
 .text.HAL_TIM_IRQHandler
                0x08106f08      0x20e ./Drivers/STM32H7xx_HAL_Driver/stm32h7xx_hal_tim.o
                0x08106f08                HAL_TIM_IRQHandler
 .text.HAL_TIM_IC_ConfigChannel
                0x08107116      0x138 ./Drivers/STM32H7xx_HAL_Driver/stm32h7xx_hal_tim.o
                0x08107116                HAL_TIM_IC_ConfigChannel
 *fill*         0x0810724e        0x2 
 .text.HAL_TIM_PWM_ConfigChannel
                0x08107250      0x228 ./Drivers/STM32H7xx_HAL_Driver/stm32h7xx_hal_tim.o
                0x08107250                HAL_TIM_PWM_ConfigChannel
 .text.HAL_TIM_ConfigClockSource
                0x08107478      0x1f0 ./Drivers/STM32H7xx_HAL_Driver/stm32h7xx_hal_tim.o
                0x08107478                HAL_TIM_ConfigClockSource
 .text.HAL_TIM_SlaveConfigSynchro
                0x08107668       0x84 ./Drivers/STM32H7xx_HAL_Driver/stm32h7xx_hal_tim.o
                0x08107668                HAL_TIM_SlaveConfigSynchro
 .text.HAL_TIM_ReadCapturedValue
                0x081076ec       0x88 ./Drivers/STM32H7xx_HAL_Driver/stm32h7xx_hal_tim.o
                0x081076ec                HAL_TIM_ReadCapturedValue
 .text.HAL_TIM_OC_DelayElapsedCallback
                0x08107774       0x14 ./Drivers/STM32H7xx_HAL_Driver/stm32h7xx_hal_tim.o
                0x08107774                HAL_TIM_OC_DelayElapsedCallback
 .text.HAL_TIM_PWM_PulseFinishedCallback
                0x08107788       0x14 ./Drivers/STM32H7xx_HAL_Driver/stm32h7xx_hal_tim.o
                0x08107788                HAL_TIM_PWM_PulseFinishedCallback
 .text.HAL_TIM_TriggerCallback
                0x0810779c       0x14 ./Drivers/STM32H7xx_HAL_Driver/stm32h7xx_hal_tim.o
                0x0810779c                HAL_TIM_TriggerCallback
 .text.TIM_Base_SetConfig
                0x081077b0      0x14c ./Drivers/STM32H7xx_HAL_Driver/stm32h7xx_hal_tim.o
                0x081077b0                TIM_Base_SetConfig
 .text.TIM_OC1_SetConfig
                0x081078fc      0x120 ./Drivers/STM32H7xx_HAL_Driver/stm32h7xx_hal_tim.o
 .text.TIM_OC2_SetConfig
                0x08107a1c      0x114 ./Drivers/STM32H7xx_HAL_Driver/stm32h7xx_hal_tim.o
                0x08107a1c                TIM_OC2_SetConfig
 .text.TIM_OC3_SetConfig
                0x08107b30      0x110 ./Drivers/STM32H7xx_HAL_Driver/stm32h7xx_hal_tim.o
 .text.TIM_OC4_SetConfig
                0x08107c40       0xd4 ./Drivers/STM32H7xx_HAL_Driver/stm32h7xx_hal_tim.o
 .text.TIM_OC5_SetConfig
                0x08107d14       0xc8 ./Drivers/STM32H7xx_HAL_Driver/stm32h7xx_hal_tim.o
 .text.TIM_OC6_SetConfig
                0x08107ddc       0xcc ./Drivers/STM32H7xx_HAL_Driver/stm32h7xx_hal_tim.o
 .text.TIM_SlaveTimer_SetConfig
                0x08107ea8      0x1d4 ./Drivers/STM32H7xx_HAL_Driver/stm32h7xx_hal_tim.o
 .text.TIM_TI1_SetConfig
                0x0810807c       0xe8 ./Drivers/STM32H7xx_HAL_Driver/stm32h7xx_hal_tim.o
                0x0810807c                TIM_TI1_SetConfig
 .text.TIM_TI1_ConfigInputStage
                0x08108164       0x5e ./Drivers/STM32H7xx_HAL_Driver/stm32h7xx_hal_tim.o
 .text.TIM_TI2_SetConfig
                0x081081c2       0x7a ./Drivers/STM32H7xx_HAL_Driver/stm32h7xx_hal_tim.o
 .text.TIM_TI2_ConfigInputStage
                0x0810823c       0x60 ./Drivers/STM32H7xx_HAL_Driver/stm32h7xx_hal_tim.o
 .text.TIM_TI3_SetConfig
                0x0810829c       0x78 ./Drivers/STM32H7xx_HAL_Driver/stm32h7xx_hal_tim.o
 .text.TIM_TI4_SetConfig
                0x08108314       0x7a ./Drivers/STM32H7xx_HAL_Driver/stm32h7xx_hal_tim.o
 .text.TIM_ITRx_SetConfig
                0x0810838e       0x3a ./Drivers/STM32H7xx_HAL_Driver/stm32h7xx_hal_tim.o
 .text.TIM_ETR_SetConfig
                0x081083c8       0x40 ./Drivers/STM32H7xx_HAL_Driver/stm32h7xx_hal_tim.o
                0x081083c8                TIM_ETR_SetConfig
 .text.TIM_CCxChannelCmd
                0x08108408       0x4a ./Drivers/STM32H7xx_HAL_Driver/stm32h7xx_hal_tim.o
                0x08108408                TIM_CCxChannelCmd
 *fill*         0x08108452        0x2 
 .text.HAL_TIMEx_MasterConfigSynchronization
                0x08108454      0x11c ./Drivers/STM32H7xx_HAL_Driver/stm32h7xx_hal_tim_ex.o
                0x08108454                HAL_TIMEx_MasterConfigSynchronization
 .text.HAL_TIMEx_CommutCallback
                0x08108570       0x14 ./Drivers/STM32H7xx_HAL_Driver/stm32h7xx_hal_tim_ex.o
                0x08108570                HAL_TIMEx_CommutCallback
 .text.HAL_TIMEx_BreakCallback
                0x08108584       0x14 ./Drivers/STM32H7xx_HAL_Driver/stm32h7xx_hal_tim_ex.o
                0x08108584                HAL_TIMEx_BreakCallback
 .text.HAL_TIMEx_Break2Callback
                0x08108598       0x14 ./Drivers/STM32H7xx_HAL_Driver/stm32h7xx_hal_tim_ex.o
                0x08108598                HAL_TIMEx_Break2Callback
 .text.HAL_UART_Init
                0x081085ac       0xa0 ./Drivers/STM32H7xx_HAL_Driver/stm32h7xx_hal_uart.o
                0x081085ac                HAL_UART_Init
 .text.HAL_UART_Transmit
                0x0810864c      0x11c ./Drivers/STM32H7xx_HAL_Driver/stm32h7xx_hal_uart.o
                0x0810864c                HAL_UART_Transmit
 .text.UART_SetConfig
                0x08108768      0xad0 ./Drivers/STM32H7xx_HAL_Driver/stm32h7xx_hal_uart.o
                0x08108768                UART_SetConfig
 .text.UART_AdvFeatureConfig
                0x08109238      0x144 ./Drivers/STM32H7xx_HAL_Driver/stm32h7xx_hal_uart.o
                0x08109238                UART_AdvFeatureConfig
 .text.UART_CheckIdleState
                0x0810937c      0x154 ./Drivers/STM32H7xx_HAL_Driver/stm32h7xx_hal_uart.o
                0x0810937c                UART_CheckIdleState
 .text.UART_WaitOnFlagUntilTimeout
                0x081094d0       0xda ./Drivers/STM32H7xx_HAL_Driver/stm32h7xx_hal_uart.o
                0x081094d0                UART_WaitOnFlagUntilTimeout
 .text.UART_EndRxTransfer
                0x081095aa       0xcc ./Drivers/STM32H7xx_HAL_Driver/stm32h7xx_hal_uart.o
 .text.HAL_UARTEx_DisableFifoMode
                0x08109676       0x72 ./Drivers/STM32H7xx_HAL_Driver/stm32h7xx_hal_uart_ex.o
                0x08109676                HAL_UARTEx_DisableFifoMode
 .text.HAL_UARTEx_SetTxFifoThreshold
                0x081096e8       0x7c ./Drivers/STM32H7xx_HAL_Driver/stm32h7xx_hal_uart_ex.o
                0x081096e8                HAL_UARTEx_SetTxFifoThreshold
 .text.HAL_UARTEx_SetRxFifoThreshold
                0x08109764       0x7c ./Drivers/STM32H7xx_HAL_Driver/stm32h7xx_hal_uart_ex.o
                0x08109764                HAL_UARTEx_SetRxFifoThreshold
 .text.UARTEx_SetNbDataToProcess
                0x081097e0       0x9c ./Drivers/STM32H7xx_HAL_Driver/stm32h7xx_hal_uart_ex.o
 .text.__cvt    0x0810987c       0xca /home/giovannimasi/st/stm32cubeide_1.16.1/plugins/com.st.stm32cube.ide.mcu.externaltools.gnu-tools-for-stm32.12.3.rel1.linux64_1.0.200.202406132123/tools/bin/../lib/gcc/arm-none-eabi/12.3.1/../../../../arm-none-eabi/lib/thumb/v7e-m+fp/hard/libc_nano.a(libc_a-nano-vfprintf_float.o)
                0x0810987c                __cvt
 .text.__exponent
                0x08109946       0x74 /home/giovannimasi/st/stm32cubeide_1.16.1/plugins/com.st.stm32cube.ide.mcu.externaltools.gnu-tools-for-stm32.12.3.rel1.linux64_1.0.200.202406132123/tools/bin/../lib/gcc/arm-none-eabi/12.3.1/../../../../arm-none-eabi/lib/thumb/v7e-m+fp/hard/libc_nano.a(libc_a-nano-vfprintf_float.o)
                0x08109946                __exponent
 *fill*         0x081099ba        0x2 
 .text._printf_float
                0x081099bc      0x454 /home/giovannimasi/st/stm32cubeide_1.16.1/plugins/com.st.stm32cube.ide.mcu.externaltools.gnu-tools-for-stm32.12.3.rel1.linux64_1.0.200.202406132123/tools/bin/../lib/gcc/arm-none-eabi/12.3.1/../../../../arm-none-eabi/lib/thumb/v7e-m+fp/hard/libc_nano.a(libc_a-nano-vfprintf_float.o)
                0x081099bc                _printf_float
 .text._printf_common
                0x08109e10       0xda /home/giovannimasi/st/stm32cubeide_1.16.1/plugins/com.st.stm32cube.ide.mcu.externaltools.gnu-tools-for-stm32.12.3.rel1.linux64_1.0.200.202406132123/tools/bin/../lib/gcc/arm-none-eabi/12.3.1/../../../../arm-none-eabi/lib/thumb/v7e-m+fp/hard/libc_nano.a(libc_a-nano-vfprintf_i.o)
                0x08109e10                _printf_common
 *fill*         0x08109eea        0x2 
 .text._printf_i
                0x08109eec      0x240 /home/giovannimasi/st/stm32cubeide_1.16.1/plugins/com.st.stm32cube.ide.mcu.externaltools.gnu-tools-for-stm32.12.3.rel1.linux64_1.0.200.202406132123/tools/bin/../lib/gcc/arm-none-eabi/12.3.1/../../../../arm-none-eabi/lib/thumb/v7e-m+fp/hard/libc_nano.a(libc_a-nano-vfprintf_i.o)
                0x08109eec                _printf_i
 .text._scanf_float
                0x0810a12c      0x428 /home/giovannimasi/st/stm32cubeide_1.16.1/plugins/com.st.stm32cube.ide.mcu.externaltools.gnu-tools-for-stm32.12.3.rel1.linux64_1.0.200.202406132123/tools/bin/../lib/gcc/arm-none-eabi/12.3.1/../../../../arm-none-eabi/lib/thumb/v7e-m+fp/hard/libc_nano.a(libc_a-nano-vfscanf_float.o)
                0x0810a12c                _scanf_float
 .text.std      0x0810a554       0x6c /home/giovannimasi/st/stm32cubeide_1.16.1/plugins/com.st.stm32cube.ide.mcu.externaltools.gnu-tools-for-stm32.12.3.rel1.linux64_1.0.200.202406132123/tools/bin/../lib/gcc/arm-none-eabi/12.3.1/../../../../arm-none-eabi/lib/thumb/v7e-m+fp/hard/libc_nano.a(libc_a-findfp.o)
 .text.stdio_exit_handler
                0x0810a5c0       0x18 /home/giovannimasi/st/stm32cubeide_1.16.1/plugins/com.st.stm32cube.ide.mcu.externaltools.gnu-tools-for-stm32.12.3.rel1.linux64_1.0.200.202406132123/tools/bin/../lib/gcc/arm-none-eabi/12.3.1/../../../../arm-none-eabi/lib/thumb/v7e-m+fp/hard/libc_nano.a(libc_a-findfp.o)
 .text.cleanup_stdio
                0x0810a5d8       0x40 /home/giovannimasi/st/stm32cubeide_1.16.1/plugins/com.st.stm32cube.ide.mcu.externaltools.gnu-tools-for-stm32.12.3.rel1.linux64_1.0.200.202406132123/tools/bin/../lib/gcc/arm-none-eabi/12.3.1/../../../../arm-none-eabi/lib/thumb/v7e-m+fp/hard/libc_nano.a(libc_a-findfp.o)
 .text.global_stdio_init.part.0
                0x0810a618       0x3c /home/giovannimasi/st/stm32cubeide_1.16.1/plugins/com.st.stm32cube.ide.mcu.externaltools.gnu-tools-for-stm32.12.3.rel1.linux64_1.0.200.202406132123/tools/bin/../lib/gcc/arm-none-eabi/12.3.1/../../../../arm-none-eabi/lib/thumb/v7e-m+fp/hard/libc_nano.a(libc_a-findfp.o)
 .text.__sfp_lock_acquire
                0x0810a654        0xc /home/giovannimasi/st/stm32cubeide_1.16.1/plugins/com.st.stm32cube.ide.mcu.externaltools.gnu-tools-for-stm32.12.3.rel1.linux64_1.0.200.202406132123/tools/bin/../lib/gcc/arm-none-eabi/12.3.1/../../../../arm-none-eabi/lib/thumb/v7e-m+fp/hard/libc_nano.a(libc_a-findfp.o)
                0x0810a654                __sfp_lock_acquire
 .text.__sfp_lock_release
                0x0810a660        0xc /home/giovannimasi/st/stm32cubeide_1.16.1/plugins/com.st.stm32cube.ide.mcu.externaltools.gnu-tools-for-stm32.12.3.rel1.linux64_1.0.200.202406132123/tools/bin/../lib/gcc/arm-none-eabi/12.3.1/../../../../arm-none-eabi/lib/thumb/v7e-m+fp/hard/libc_nano.a(libc_a-findfp.o)
                0x0810a660                __sfp_lock_release
 .text.__sinit  0x0810a66c       0x30 /home/giovannimasi/st/stm32cubeide_1.16.1/plugins/com.st.stm32cube.ide.mcu.externaltools.gnu-tools-for-stm32.12.3.rel1.linux64_1.0.200.202406132123/tools/bin/../lib/gcc/arm-none-eabi/12.3.1/../../../../arm-none-eabi/lib/thumb/v7e-m+fp/hard/libc_nano.a(libc_a-findfp.o)
                0x0810a66c                __sinit
 .text._fwalk_sglue
                0x0810a69c       0x3c /home/giovannimasi/st/stm32cubeide_1.16.1/plugins/com.st.stm32cube.ide.mcu.externaltools.gnu-tools-for-stm32.12.3.rel1.linux64_1.0.200.202406132123/tools/bin/../lib/gcc/arm-none-eabi/12.3.1/../../../../arm-none-eabi/lib/thumb/v7e-m+fp/hard/libc_nano.a(libc_a-fwalk.o)
                0x0810a69c                _fwalk_sglue
 .text.printf   0x0810a6d8       0x24 /home/giovannimasi/st/stm32cubeide_1.16.1/plugins/com.st.stm32cube.ide.mcu.externaltools.gnu-tools-for-stm32.12.3.rel1.linux64_1.0.200.202406132123/tools/bin/../lib/gcc/arm-none-eabi/12.3.1/../../../../arm-none-eabi/lib/thumb/v7e-m+fp/hard/libc_nano.a(libc_a-printf.o)
                0x0810a6d8                printf
                0x0810a6d8                iprintf
 .text._puts_r  0x0810a6fc       0xaa /home/giovannimasi/st/stm32cubeide_1.16.1/plugins/com.st.stm32cube.ide.mcu.externaltools.gnu-tools-for-stm32.12.3.rel1.linux64_1.0.200.202406132123/tools/bin/../lib/gcc/arm-none-eabi/12.3.1/../../../../arm-none-eabi/lib/thumb/v7e-m+fp/hard/libc_nano.a(libc_a-puts.o)
                0x0810a6fc                _puts_r
 *fill*         0x0810a7a6        0x2 
 .text.puts     0x0810a7a8       0x10 /home/giovannimasi/st/stm32cubeide_1.16.1/plugins/com.st.stm32cube.ide.mcu.externaltools.gnu-tools-for-stm32.12.3.rel1.linux64_1.0.200.202406132123/tools/bin/../lib/gcc/arm-none-eabi/12.3.1/../../../../arm-none-eabi/lib/thumb/v7e-m+fp/hard/libc_nano.a(libc_a-puts.o)
                0x0810a7a8                puts
 .text.sprintf  0x0810a7b8       0x40 /home/giovannimasi/st/stm32cubeide_1.16.1/plugins/com.st.stm32cube.ide.mcu.externaltools.gnu-tools-for-stm32.12.3.rel1.linux64_1.0.200.202406132123/tools/bin/../lib/gcc/arm-none-eabi/12.3.1/../../../../arm-none-eabi/lib/thumb/v7e-m+fp/hard/libc_nano.a(libc_a-sprintf.o)
                0x0810a7b8                sprintf
                0x0810a7b8                siprintf
 .text.__sread  0x0810a7f8       0x22 /home/giovannimasi/st/stm32cubeide_1.16.1/plugins/com.st.stm32cube.ide.mcu.externaltools.gnu-tools-for-stm32.12.3.rel1.linux64_1.0.200.202406132123/tools/bin/../lib/gcc/arm-none-eabi/12.3.1/../../../../arm-none-eabi/lib/thumb/v7e-m+fp/hard/libc_nano.a(libc_a-stdio.o)
                0x0810a7f8                __sread
 .text.__swrite
                0x0810a81a       0x38 /home/giovannimasi/st/stm32cubeide_1.16.1/plugins/com.st.stm32cube.ide.mcu.externaltools.gnu-tools-for-stm32.12.3.rel1.linux64_1.0.200.202406132123/tools/bin/../lib/gcc/arm-none-eabi/12.3.1/../../../../arm-none-eabi/lib/thumb/v7e-m+fp/hard/libc_nano.a(libc_a-stdio.o)
                0x0810a81a                __swrite
 .text.__sseek  0x0810a852       0x24 /home/giovannimasi/st/stm32cubeide_1.16.1/plugins/com.st.stm32cube.ide.mcu.externaltools.gnu-tools-for-stm32.12.3.rel1.linux64_1.0.200.202406132123/tools/bin/../lib/gcc/arm-none-eabi/12.3.1/../../../../arm-none-eabi/lib/thumb/v7e-m+fp/hard/libc_nano.a(libc_a-stdio.o)
                0x0810a852                __sseek
 .text.__sclose
                0x0810a876        0x8 /home/giovannimasi/st/stm32cubeide_1.16.1/plugins/com.st.stm32cube.ide.mcu.externaltools.gnu-tools-for-stm32.12.3.rel1.linux64_1.0.200.202406132123/tools/bin/../lib/gcc/arm-none-eabi/12.3.1/../../../../arm-none-eabi/lib/thumb/v7e-m+fp/hard/libc_nano.a(libc_a-stdio.o)
                0x0810a876                __sclose
 .text.__swbuf_r
                0x0810a87e       0x7c /home/giovannimasi/st/stm32cubeide_1.16.1/plugins/com.st.stm32cube.ide.mcu.externaltools.gnu-tools-for-stm32.12.3.rel1.linux64_1.0.200.202406132123/tools/bin/../lib/gcc/arm-none-eabi/12.3.1/../../../../arm-none-eabi/lib/thumb/v7e-m+fp/hard/libc_nano.a(libc_a-wbuf.o)
                0x0810a87e                __swbuf_r
 *fill*         0x0810a8fa        0x2 
 .text.__swsetup_r
                0x0810a8fc       0xac /home/giovannimasi/st/stm32cubeide_1.16.1/plugins/com.st.stm32cube.ide.mcu.externaltools.gnu-tools-for-stm32.12.3.rel1.linux64_1.0.200.202406132123/tools/bin/../lib/gcc/arm-none-eabi/12.3.1/../../../../arm-none-eabi/lib/thumb/v7e-m+fp/hard/libc_nano.a(libc_a-wsetup.o)
                0x0810a8fc                __swsetup_r
 .text.memset   0x0810a9a8       0x10 /home/giovannimasi/st/stm32cubeide_1.16.1/plugins/com.st.stm32cube.ide.mcu.externaltools.gnu-tools-for-stm32.12.3.rel1.linux64_1.0.200.202406132123/tools/bin/../lib/gcc/arm-none-eabi/12.3.1/../../../../arm-none-eabi/lib/thumb/v7e-m+fp/hard/libc_nano.a(libc_a-memset.o)
                0x0810a9a8                memset
 .text._localeconv_r
                0x0810a9b8        0x8 /home/giovannimasi/st/stm32cubeide_1.16.1/plugins/com.st.stm32cube.ide.mcu.externaltools.gnu-tools-for-stm32.12.3.rel1.linux64_1.0.200.202406132123/tools/bin/../lib/gcc/arm-none-eabi/12.3.1/../../../../arm-none-eabi/lib/thumb/v7e-m+fp/hard/libc_nano.a(libc_a-localeconv.o)
                0x0810a9b8                _localeconv_r
 .text._close_r
                0x0810a9c0       0x20 /home/giovannimasi/st/stm32cubeide_1.16.1/plugins/com.st.stm32cube.ide.mcu.externaltools.gnu-tools-for-stm32.12.3.rel1.linux64_1.0.200.202406132123/tools/bin/../lib/gcc/arm-none-eabi/12.3.1/../../../../arm-none-eabi/lib/thumb/v7e-m+fp/hard/libc_nano.a(libc_a-closer.o)
                0x0810a9c0                _close_r
 .text._lseek_r
                0x0810a9e0       0x24 /home/giovannimasi/st/stm32cubeide_1.16.1/plugins/com.st.stm32cube.ide.mcu.externaltools.gnu-tools-for-stm32.12.3.rel1.linux64_1.0.200.202406132123/tools/bin/../lib/gcc/arm-none-eabi/12.3.1/../../../../arm-none-eabi/lib/thumb/v7e-m+fp/hard/libc_nano.a(libc_a-lseekr.o)
                0x0810a9e0                _lseek_r
 .text._read_r  0x0810aa04       0x24 /home/giovannimasi/st/stm32cubeide_1.16.1/plugins/com.st.stm32cube.ide.mcu.externaltools.gnu-tools-for-stm32.12.3.rel1.linux64_1.0.200.202406132123/tools/bin/../lib/gcc/arm-none-eabi/12.3.1/../../../../arm-none-eabi/lib/thumb/v7e-m+fp/hard/libc_nano.a(libc_a-readr.o)
                0x0810aa04                _read_r
 .text._write_r
                0x0810aa28       0x24 /home/giovannimasi/st/stm32cubeide_1.16.1/plugins/com.st.stm32cube.ide.mcu.externaltools.gnu-tools-for-stm32.12.3.rel1.linux64_1.0.200.202406132123/tools/bin/../lib/gcc/arm-none-eabi/12.3.1/../../../../arm-none-eabi/lib/thumb/v7e-m+fp/hard/libc_nano.a(libc_a-writer.o)
                0x0810aa28                _write_r
 .text.__errno  0x0810aa4c        0xc /home/giovannimasi/st/stm32cubeide_1.16.1/plugins/com.st.stm32cube.ide.mcu.externaltools.gnu-tools-for-stm32.12.3.rel1.linux64_1.0.200.202406132123/tools/bin/../lib/gcc/arm-none-eabi/12.3.1/../../../../arm-none-eabi/lib/thumb/v7e-m+fp/hard/libc_nano.a(libc_a-errno.o)
                0x0810aa4c                __errno
 .text.__libc_init_array
                0x0810aa58       0x48 /home/giovannimasi/st/stm32cubeide_1.16.1/plugins/com.st.stm32cube.ide.mcu.externaltools.gnu-tools-for-stm32.12.3.rel1.linux64_1.0.200.202406132123/tools/bin/../lib/gcc/arm-none-eabi/12.3.1/../../../../arm-none-eabi/lib/thumb/v7e-m+fp/hard/libc_nano.a(libc_a-init.o)
                0x0810aa58                __libc_init_array
 .text.__retarget_lock_init_recursive
                0x0810aaa0        0x2 /home/giovannimasi/st/stm32cubeide_1.16.1/plugins/com.st.stm32cube.ide.mcu.externaltools.gnu-tools-for-stm32.12.3.rel1.linux64_1.0.200.202406132123/tools/bin/../lib/gcc/arm-none-eabi/12.3.1/../../../../arm-none-eabi/lib/thumb/v7e-m+fp/hard/libc_nano.a(libc_a-lock.o)
                0x0810aaa0                __retarget_lock_init_recursive
 .text.__retarget_lock_acquire_recursive
                0x0810aaa2        0x2 /home/giovannimasi/st/stm32cubeide_1.16.1/plugins/com.st.stm32cube.ide.mcu.externaltools.gnu-tools-for-stm32.12.3.rel1.linux64_1.0.200.202406132123/tools/bin/../lib/gcc/arm-none-eabi/12.3.1/../../../../arm-none-eabi/lib/thumb/v7e-m+fp/hard/libc_nano.a(libc_a-lock.o)
                0x0810aaa2                __retarget_lock_acquire_recursive
 .text.__retarget_lock_release_recursive
                0x0810aaa4        0x2 /home/giovannimasi/st/stm32cubeide_1.16.1/plugins/com.st.stm32cube.ide.mcu.externaltools.gnu-tools-for-stm32.12.3.rel1.linux64_1.0.200.202406132123/tools/bin/../lib/gcc/arm-none-eabi/12.3.1/../../../../arm-none-eabi/lib/thumb/v7e-m+fp/hard/libc_nano.a(libc_a-lock.o)
                0x0810aaa4                __retarget_lock_release_recursive
 .text.memcpy   0x0810aaa6       0x1c /home/giovannimasi/st/stm32cubeide_1.16.1/plugins/com.st.stm32cube.ide.mcu.externaltools.gnu-tools-for-stm32.12.3.rel1.linux64_1.0.200.202406132123/tools/bin/../lib/gcc/arm-none-eabi/12.3.1/../../../../arm-none-eabi/lib/thumb/v7e-m+fp/hard/libc_nano.a(libc_a-memcpy-stub.o)
                0x0810aaa6                memcpy
 *fill*         0x0810aac2        0x2 
 .text.nanf     0x0810aac4        0xc /home/giovannimasi/st/stm32cubeide_1.16.1/plugins/com.st.stm32cube.ide.mcu.externaltools.gnu-tools-for-stm32.12.3.rel1.linux64_1.0.200.202406132123/tools/bin/../lib/gcc/arm-none-eabi/12.3.1/../../../../arm-none-eabi/lib/thumb/v7e-m+fp/hard/libc_nano.a(libm_a-sf_nan.o)
                0x0810aac4                nanf
 .text.quorem   0x0810aad0      0x110 /home/giovannimasi/st/stm32cubeide_1.16.1/plugins/com.st.stm32cube.ide.mcu.externaltools.gnu-tools-for-stm32.12.3.rel1.linux64_1.0.200.202406132123/tools/bin/../lib/gcc/arm-none-eabi/12.3.1/../../../../arm-none-eabi/lib/thumb/v7e-m+fp/hard/libc_nano.a(libc_a-dtoa.o)
 .text._dtoa_r  0x0810abe0      0xb88 /home/giovannimasi/st/stm32cubeide_1.16.1/plugins/com.st.stm32cube.ide.mcu.externaltools.gnu-tools-for-stm32.12.3.rel1.linux64_1.0.200.202406132123/tools/bin/../lib/gcc/arm-none-eabi/12.3.1/../../../../arm-none-eabi/lib/thumb/v7e-m+fp/hard/libc_nano.a(libc_a-dtoa.o)
                0x0810abe0                _dtoa_r
 .text._free_r  0x0810b768       0x94 /home/giovannimasi/st/stm32cubeide_1.16.1/plugins/com.st.stm32cube.ide.mcu.externaltools.gnu-tools-for-stm32.12.3.rel1.linux64_1.0.200.202406132123/tools/bin/../lib/gcc/arm-none-eabi/12.3.1/../../../../arm-none-eabi/lib/thumb/v7e-m+fp/hard/libc_nano.a(libc_a-freer.o)
                0x0810b768                _free_r
 .text.malloc   0x0810b7fc       0x10 /home/giovannimasi/st/stm32cubeide_1.16.1/plugins/com.st.stm32cube.ide.mcu.externaltools.gnu-tools-for-stm32.12.3.rel1.linux64_1.0.200.202406132123/tools/bin/../lib/gcc/arm-none-eabi/12.3.1/../../../../arm-none-eabi/lib/thumb/v7e-m+fp/hard/libc_nano.a(libc_a-malloc.o)
                0x0810b7fc                malloc
 .text.sbrk_aligned
                0x0810b80c       0x44 /home/giovannimasi/st/stm32cubeide_1.16.1/plugins/com.st.stm32cube.ide.mcu.externaltools.gnu-tools-for-stm32.12.3.rel1.linux64_1.0.200.202406132123/tools/bin/../lib/gcc/arm-none-eabi/12.3.1/../../../../arm-none-eabi/lib/thumb/v7e-m+fp/hard/libc_nano.a(libc_a-mallocr.o)
 .text._malloc_r
                0x0810b850      0x100 /home/giovannimasi/st/stm32cubeide_1.16.1/plugins/com.st.stm32cube.ide.mcu.externaltools.gnu-tools-for-stm32.12.3.rel1.linux64_1.0.200.202406132123/tools/bin/../lib/gcc/arm-none-eabi/12.3.1/../../../../arm-none-eabi/lib/thumb/v7e-m+fp/hard/libc_nano.a(libc_a-mallocr.o)
                0x0810b850                _malloc_r
 .text.__malloc_lock
                0x0810b950        0xc /home/giovannimasi/st/stm32cubeide_1.16.1/plugins/com.st.stm32cube.ide.mcu.externaltools.gnu-tools-for-stm32.12.3.rel1.linux64_1.0.200.202406132123/tools/bin/../lib/gcc/arm-none-eabi/12.3.1/../../../../arm-none-eabi/lib/thumb/v7e-m+fp/hard/libc_nano.a(libc_a-mlock.o)
                0x0810b950                __malloc_lock
 .text.__malloc_unlock
                0x0810b95c        0xc /home/giovannimasi/st/stm32cubeide_1.16.1/plugins/com.st.stm32cube.ide.mcu.externaltools.gnu-tools-for-stm32.12.3.rel1.linux64_1.0.200.202406132123/tools/bin/../lib/gcc/arm-none-eabi/12.3.1/../../../../arm-none-eabi/lib/thumb/v7e-m+fp/hard/libc_nano.a(libc_a-mlock.o)
                0x0810b95c                __malloc_unlock
 .text._Balloc  0x0810b968       0x80 /home/giovannimasi/st/stm32cubeide_1.16.1/plugins/com.st.stm32cube.ide.mcu.externaltools.gnu-tools-for-stm32.12.3.rel1.linux64_1.0.200.202406132123/tools/bin/../lib/gcc/arm-none-eabi/12.3.1/../../../../arm-none-eabi/lib/thumb/v7e-m+fp/hard/libc_nano.a(libc_a-mprec.o)
                0x0810b968                _Balloc
 .text._Bfree   0x0810b9e8       0x44 /home/giovannimasi/st/stm32cubeide_1.16.1/plugins/com.st.stm32cube.ide.mcu.externaltools.gnu-tools-for-stm32.12.3.rel1.linux64_1.0.200.202406132123/tools/bin/../lib/gcc/arm-none-eabi/12.3.1/../../../../arm-none-eabi/lib/thumb/v7e-m+fp/hard/libc_nano.a(libc_a-mprec.o)
                0x0810b9e8                _Bfree
 .text.__multadd
                0x0810ba2c       0x8c /home/giovannimasi/st/stm32cubeide_1.16.1/plugins/com.st.stm32cube.ide.mcu.externaltools.gnu-tools-for-stm32.12.3.rel1.linux64_1.0.200.202406132123/tools/bin/../lib/gcc/arm-none-eabi/12.3.1/../../../../arm-none-eabi/lib/thumb/v7e-m+fp/hard/libc_nano.a(libc_a-mprec.o)
                0x0810ba2c                __multadd
 .text.__s2b    0x0810bab8       0x94 /home/giovannimasi/st/stm32cubeide_1.16.1/plugins/com.st.stm32cube.ide.mcu.externaltools.gnu-tools-for-stm32.12.3.rel1.linux64_1.0.200.202406132123/tools/bin/../lib/gcc/arm-none-eabi/12.3.1/../../../../arm-none-eabi/lib/thumb/v7e-m+fp/hard/libc_nano.a(libc_a-mprec.o)
                0x0810bab8                __s2b
 .text.__hi0bits
                0x0810bb4c       0x3e /home/giovannimasi/st/stm32cubeide_1.16.1/plugins/com.st.stm32cube.ide.mcu.externaltools.gnu-tools-for-stm32.12.3.rel1.linux64_1.0.200.202406132123/tools/bin/../lib/gcc/arm-none-eabi/12.3.1/../../../../arm-none-eabi/lib/thumb/v7e-m+fp/hard/libc_nano.a(libc_a-mprec.o)
                0x0810bb4c                __hi0bits
 .text.__lo0bits
                0x0810bb8a       0x5a /home/giovannimasi/st/stm32cubeide_1.16.1/plugins/com.st.stm32cube.ide.mcu.externaltools.gnu-tools-for-stm32.12.3.rel1.linux64_1.0.200.202406132123/tools/bin/../lib/gcc/arm-none-eabi/12.3.1/../../../../arm-none-eabi/lib/thumb/v7e-m+fp/hard/libc_nano.a(libc_a-mprec.o)
                0x0810bb8a                __lo0bits
 .text.__i2b    0x0810bbe4       0x2c /home/giovannimasi/st/stm32cubeide_1.16.1/plugins/com.st.stm32cube.ide.mcu.externaltools.gnu-tools-for-stm32.12.3.rel1.linux64_1.0.200.202406132123/tools/bin/../lib/gcc/arm-none-eabi/12.3.1/../../../../arm-none-eabi/lib/thumb/v7e-m+fp/hard/libc_nano.a(libc_a-mprec.o)
                0x0810bbe4                __i2b
 .text.__multiply
                0x0810bc10      0x154 /home/giovannimasi/st/stm32cubeide_1.16.1/plugins/com.st.stm32cube.ide.mcu.externaltools.gnu-tools-for-stm32.12.3.rel1.linux64_1.0.200.202406132123/tools/bin/../lib/gcc/arm-none-eabi/12.3.1/../../../../arm-none-eabi/lib/thumb/v7e-m+fp/hard/libc_nano.a(libc_a-mprec.o)
                0x0810bc10                __multiply
 .text.__pow5mult
                0x0810bd64       0xb4 /home/giovannimasi/st/stm32cubeide_1.16.1/plugins/com.st.stm32cube.ide.mcu.externaltools.gnu-tools-for-stm32.12.3.rel1.linux64_1.0.200.202406132123/tools/bin/../lib/gcc/arm-none-eabi/12.3.1/../../../../arm-none-eabi/lib/thumb/v7e-m+fp/hard/libc_nano.a(libc_a-mprec.o)
                0x0810bd64                __pow5mult
 .text.__lshift
                0x0810be18       0xd8 /home/giovannimasi/st/stm32cubeide_1.16.1/plugins/com.st.stm32cube.ide.mcu.externaltools.gnu-tools-for-stm32.12.3.rel1.linux64_1.0.200.202406132123/tools/bin/../lib/gcc/arm-none-eabi/12.3.1/../../../../arm-none-eabi/lib/thumb/v7e-m+fp/hard/libc_nano.a(libc_a-mprec.o)
                0x0810be18                __lshift
 .text.__mcmp   0x0810bef0       0x36 /home/giovannimasi/st/stm32cubeide_1.16.1/plugins/com.st.stm32cube.ide.mcu.externaltools.gnu-tools-for-stm32.12.3.rel1.linux64_1.0.200.202406132123/tools/bin/../lib/gcc/arm-none-eabi/12.3.1/../../../../arm-none-eabi/lib/thumb/v7e-m+fp/hard/libc_nano.a(libc_a-mprec.o)
                0x0810bef0                __mcmp
 *fill*         0x0810bf26        0x2 
 .text.__mdiff  0x0810bf28      0x128 /home/giovannimasi/st/stm32cubeide_1.16.1/plugins/com.st.stm32cube.ide.mcu.externaltools.gnu-tools-for-stm32.12.3.rel1.linux64_1.0.200.202406132123/tools/bin/../lib/gcc/arm-none-eabi/12.3.1/../../../../arm-none-eabi/lib/thumb/v7e-m+fp/hard/libc_nano.a(libc_a-mprec.o)
                0x0810bf28                __mdiff
 .text.__ulp    0x0810c050       0x4c /home/giovannimasi/st/stm32cubeide_1.16.1/plugins/com.st.stm32cube.ide.mcu.externaltools.gnu-tools-for-stm32.12.3.rel1.linux64_1.0.200.202406132123/tools/bin/../lib/gcc/arm-none-eabi/12.3.1/../../../../arm-none-eabi/lib/thumb/v7e-m+fp/hard/libc_nano.a(libc_a-mprec.o)
                0x0810c050                __ulp
 .text.__b2d    0x0810c09c       0x94 /home/giovannimasi/st/stm32cubeide_1.16.1/plugins/com.st.stm32cube.ide.mcu.externaltools.gnu-tools-for-stm32.12.3.rel1.linux64_1.0.200.202406132123/tools/bin/../lib/gcc/arm-none-eabi/12.3.1/../../../../arm-none-eabi/lib/thumb/v7e-m+fp/hard/libc_nano.a(libc_a-mprec.o)
                0x0810c09c                __b2d
 .text.__d2b    0x0810c130       0xb0 /home/giovannimasi/st/stm32cubeide_1.16.1/plugins/com.st.stm32cube.ide.mcu.externaltools.gnu-tools-for-stm32.12.3.rel1.linux64_1.0.200.202406132123/tools/bin/../lib/gcc/arm-none-eabi/12.3.1/../../../../arm-none-eabi/lib/thumb/v7e-m+fp/hard/libc_nano.a(libc_a-mprec.o)
                0x0810c130                __d2b
 .text.__ratio  0x0810c1e0       0x64 /home/giovannimasi/st/stm32cubeide_1.16.1/plugins/com.st.stm32cube.ide.mcu.externaltools.gnu-tools-for-stm32.12.3.rel1.linux64_1.0.200.202406132123/tools/bin/../lib/gcc/arm-none-eabi/12.3.1/../../../../arm-none-eabi/lib/thumb/v7e-m+fp/hard/libc_nano.a(libc_a-mprec.o)
                0x0810c1e0                __ratio
 .text.__copybits
                0x0810c244       0x46 /home/giovannimasi/st/stm32cubeide_1.16.1/plugins/com.st.stm32cube.ide.mcu.externaltools.gnu-tools-for-stm32.12.3.rel1.linux64_1.0.200.202406132123/tools/bin/../lib/gcc/arm-none-eabi/12.3.1/../../../../arm-none-eabi/lib/thumb/v7e-m+fp/hard/libc_nano.a(libc_a-mprec.o)
                0x0810c244                __copybits
 .text.__any_on
                0x0810c28a       0x42 /home/giovannimasi/st/stm32cubeide_1.16.1/plugins/com.st.stm32cube.ide.mcu.externaltools.gnu-tools-for-stm32.12.3.rel1.linux64_1.0.200.202406132123/tools/bin/../lib/gcc/arm-none-eabi/12.3.1/../../../../arm-none-eabi/lib/thumb/v7e-m+fp/hard/libc_nano.a(libc_a-mprec.o)
                0x0810c28a                __any_on
 .text.sulp     0x0810c2cc       0x3c /home/giovannimasi/st/stm32cubeide_1.16.1/plugins/com.st.stm32cube.ide.mcu.externaltools.gnu-tools-for-stm32.12.3.rel1.linux64_1.0.200.202406132123/tools/bin/../lib/gcc/arm-none-eabi/12.3.1/../../../../arm-none-eabi/lib/thumb/v7e-m+fp/hard/libc_nano.a(libc_a-strtod.o)
 .text._strtod_l
                0x0810c308      0xbc8 /home/giovannimasi/st/stm32cubeide_1.16.1/plugins/com.st.stm32cube.ide.mcu.externaltools.gnu-tools-for-stm32.12.3.rel1.linux64_1.0.200.202406132123/tools/bin/../lib/gcc/arm-none-eabi/12.3.1/../../../../arm-none-eabi/lib/thumb/v7e-m+fp/hard/libc_nano.a(libc_a-strtod.o)
                0x0810c308                _strtod_l
 .text._strtod_r
                0x0810ced0        0xc /home/giovannimasi/st/stm32cubeide_1.16.1/plugins/com.st.stm32cube.ide.mcu.externaltools.gnu-tools-for-stm32.12.3.rel1.linux64_1.0.200.202406132123/tools/bin/../lib/gcc/arm-none-eabi/12.3.1/../../../../arm-none-eabi/lib/thumb/v7e-m+fp/hard/libc_nano.a(libc_a-strtod.o)
                0x0810ced0                _strtod_r
 .text._strtol_l.constprop.0
                0x0810cedc       0xf4 /home/giovannimasi/st/stm32cubeide_1.16.1/plugins/com.st.stm32cube.ide.mcu.externaltools.gnu-tools-for-stm32.12.3.rel1.linux64_1.0.200.202406132123/tools/bin/../lib/gcc/arm-none-eabi/12.3.1/../../../../arm-none-eabi/lib/thumb/v7e-m+fp/hard/libc_nano.a(libc_a-strtol.o)
 .text._strtol_r
                0x0810cfd0        0x4 /home/giovannimasi/st/stm32cubeide_1.16.1/plugins/com.st.stm32cube.ide.mcu.externaltools.gnu-tools-for-stm32.12.3.rel1.linux64_1.0.200.202406132123/tools/bin/../lib/gcc/arm-none-eabi/12.3.1/../../../../arm-none-eabi/lib/thumb/v7e-m+fp/hard/libc_nano.a(libc_a-strtol.o)
                0x0810cfd0                _strtol_r
 .text.__ssputs_r
                0x0810cfd4       0xb6 /home/giovannimasi/st/stm32cubeide_1.16.1/plugins/com.st.stm32cube.ide.mcu.externaltools.gnu-tools-for-stm32.12.3.rel1.linux64_1.0.200.202406132123/tools/bin/../lib/gcc/arm-none-eabi/12.3.1/../../../../arm-none-eabi/lib/thumb/v7e-m+fp/hard/libc_nano.a(libc_a-nano-svfprintf.o)
                0x0810cfd4                __ssputs_r
 *fill*         0x0810d08a        0x2 
 .text._svfprintf_r
                0x0810d08c      0x1f8 /home/giovannimasi/st/stm32cubeide_1.16.1/plugins/com.st.stm32cube.ide.mcu.externaltools.gnu-tools-for-stm32.12.3.rel1.linux64_1.0.200.202406132123/tools/bin/../lib/gcc/arm-none-eabi/12.3.1/../../../../arm-none-eabi/lib/thumb/v7e-m+fp/hard/libc_nano.a(libc_a-nano-svfprintf.o)
                0x0810d08c                _svfprintf_r
                0x0810d08c                _svfiprintf_r
 .text.__sfputc_r
                0x0810d284       0x2e /home/giovannimasi/st/stm32cubeide_1.16.1/plugins/com.st.stm32cube.ide.mcu.externaltools.gnu-tools-for-stm32.12.3.rel1.linux64_1.0.200.202406132123/tools/bin/../lib/gcc/arm-none-eabi/12.3.1/../../../../arm-none-eabi/lib/thumb/v7e-m+fp/hard/libc_nano.a(libc_a-nano-vfprintf.o)
 .text.__sfputs_r
                0x0810d2b2       0x24 /home/giovannimasi/st/stm32cubeide_1.16.1/plugins/com.st.stm32cube.ide.mcu.externaltools.gnu-tools-for-stm32.12.3.rel1.linux64_1.0.200.202406132123/tools/bin/../lib/gcc/arm-none-eabi/12.3.1/../../../../arm-none-eabi/lib/thumb/v7e-m+fp/hard/libc_nano.a(libc_a-nano-vfprintf.o)
                0x0810d2b2                __sfputs_r
 *fill*         0x0810d2d6        0x2 
 .text._vfprintf_r
                0x0810d2d8      0x230 /home/giovannimasi/st/stm32cubeide_1.16.1/plugins/com.st.stm32cube.ide.mcu.externaltools.gnu-tools-for-stm32.12.3.rel1.linux64_1.0.200.202406132123/tools/bin/../lib/gcc/arm-none-eabi/12.3.1/../../../../arm-none-eabi/lib/thumb/v7e-m+fp/hard/libc_nano.a(libc_a-nano-vfprintf.o)
                0x0810d2d8                _vfiprintf_r
                0x0810d2d8                _vfprintf_r
 .text.__sflush_r
                0x0810d508      0x108 /home/giovannimasi/st/stm32cubeide_1.16.1/plugins/com.st.stm32cube.ide.mcu.externaltools.gnu-tools-for-stm32.12.3.rel1.linux64_1.0.200.202406132123/tools/bin/../lib/gcc/arm-none-eabi/12.3.1/../../../../arm-none-eabi/lib/thumb/v7e-m+fp/hard/libc_nano.a(libc_a-fflush.o)
                0x0810d508                __sflush_r
 .text._fflush_r
                0x0810d610       0x50 /home/giovannimasi/st/stm32cubeide_1.16.1/plugins/com.st.stm32cube.ide.mcu.externaltools.gnu-tools-for-stm32.12.3.rel1.linux64_1.0.200.202406132123/tools/bin/../lib/gcc/arm-none-eabi/12.3.1/../../../../arm-none-eabi/lib/thumb/v7e-m+fp/hard/libc_nano.a(libc_a-fflush.o)
                0x0810d610                _fflush_r
 .text.__swhatbuf_r
                0x0810d660       0x4c /home/giovannimasi/st/stm32cubeide_1.16.1/plugins/com.st.stm32cube.ide.mcu.externaltools.gnu-tools-for-stm32.12.3.rel1.linux64_1.0.200.202406132123/tools/bin/../lib/gcc/arm-none-eabi/12.3.1/../../../../arm-none-eabi/lib/thumb/v7e-m+fp/hard/libc_nano.a(libc_a-makebuf.o)
                0x0810d660                __swhatbuf_r
 .text.__smakebuf_r
                0x0810d6ac       0x78 /home/giovannimasi/st/stm32cubeide_1.16.1/plugins/com.st.stm32cube.ide.mcu.externaltools.gnu-tools-for-stm32.12.3.rel1.linux64_1.0.200.202406132123/tools/bin/../lib/gcc/arm-none-eabi/12.3.1/../../../../arm-none-eabi/lib/thumb/v7e-m+fp/hard/libc_nano.a(libc_a-makebuf.o)
                0x0810d6ac                __smakebuf_r
 .text.memmove  0x0810d724       0x34 /home/giovannimasi/st/stm32cubeide_1.16.1/plugins/com.st.stm32cube.ide.mcu.externaltools.gnu-tools-for-stm32.12.3.rel1.linux64_1.0.200.202406132123/tools/bin/../lib/gcc/arm-none-eabi/12.3.1/../../../../arm-none-eabi/lib/thumb/v7e-m+fp/hard/libc_nano.a(libc_a-memmove.o)
                0x0810d724                memmove
 .text.strncmp  0x0810d758       0x24 /home/giovannimasi/st/stm32cubeide_1.16.1/plugins/com.st.stm32cube.ide.mcu.externaltools.gnu-tools-for-stm32.12.3.rel1.linux64_1.0.200.202406132123/tools/bin/../lib/gcc/arm-none-eabi/12.3.1/../../../../arm-none-eabi/lib/thumb/v7e-m+fp/hard/libc_nano.a(libc_a-strncmp.o)
                0x0810d758                strncmp
 .text._fstat_r
                0x0810d77c       0x24 /home/giovannimasi/st/stm32cubeide_1.16.1/plugins/com.st.stm32cube.ide.mcu.externaltools.gnu-tools-for-stm32.12.3.rel1.linux64_1.0.200.202406132123/tools/bin/../lib/gcc/arm-none-eabi/12.3.1/../../../../arm-none-eabi/lib/thumb/v7e-m+fp/hard/libc_nano.a(libc_a-fstatr.o)
                0x0810d77c                _fstat_r
 .text._isatty_r
                0x0810d7a0       0x20 /home/giovannimasi/st/stm32cubeide_1.16.1/plugins/com.st.stm32cube.ide.mcu.externaltools.gnu-tools-for-stm32.12.3.rel1.linux64_1.0.200.202406132123/tools/bin/../lib/gcc/arm-none-eabi/12.3.1/../../../../arm-none-eabi/lib/thumb/v7e-m+fp/hard/libc_nano.a(libc_a-isattyr.o)
                0x0810d7a0                _isatty_r
 .text._sbrk_r  0x0810d7c0       0x20 /home/giovannimasi/st/stm32cubeide_1.16.1/plugins/com.st.stm32cube.ide.mcu.externaltools.gnu-tools-for-stm32.12.3.rel1.linux64_1.0.200.202406132123/tools/bin/../lib/gcc/arm-none-eabi/12.3.1/../../../../arm-none-eabi/lib/thumb/v7e-m+fp/hard/libc_nano.a(libc_a-sbrkr.o)
                0x0810d7c0                _sbrk_r
 .text.nan      0x0810d7e0       0x10 /home/giovannimasi/st/stm32cubeide_1.16.1/plugins/com.st.stm32cube.ide.mcu.externaltools.gnu-tools-for-stm32.12.3.rel1.linux64_1.0.200.202406132123/tools/bin/../lib/gcc/arm-none-eabi/12.3.1/../../../../arm-none-eabi/lib/thumb/v7e-m+fp/hard/libc_nano.a(libm_a-s_nan.o)
                0x0810d7e0                nan
 .text.__assert_func
                0x0810d7f0       0x3c /home/giovannimasi/st/stm32cubeide_1.16.1/plugins/com.st.stm32cube.ide.mcu.externaltools.gnu-tools-for-stm32.12.3.rel1.linux64_1.0.200.202406132123/tools/bin/../lib/gcc/arm-none-eabi/12.3.1/../../../../arm-none-eabi/lib/thumb/v7e-m+fp/hard/libc_nano.a(libc_a-assert.o)
                0x0810d7f0                __assert_func
 .text._calloc_r
                0x0810d82c       0x28 /home/giovannimasi/st/stm32cubeide_1.16.1/plugins/com.st.stm32cube.ide.mcu.externaltools.gnu-tools-for-stm32.12.3.rel1.linux64_1.0.200.202406132123/tools/bin/../lib/gcc/arm-none-eabi/12.3.1/../../../../arm-none-eabi/lib/thumb/v7e-m+fp/hard/libc_nano.a(libc_a-callocr.o)
                0x0810d82c                _calloc_r
 .text.rshift   0x0810d854       0xa4 /home/giovannimasi/st/stm32cubeide_1.16.1/plugins/com.st.stm32cube.ide.mcu.externaltools.gnu-tools-for-stm32.12.3.rel1.linux64_1.0.200.202406132123/tools/bin/../lib/gcc/arm-none-eabi/12.3.1/../../../../arm-none-eabi/lib/thumb/v7e-m+fp/hard/libc_nano.a(libc_a-gdtoa-gethex.o)
 .text.__hexdig_fun
                0x0810d8f8       0x2a /home/giovannimasi/st/stm32cubeide_1.16.1/plugins/com.st.stm32cube.ide.mcu.externaltools.gnu-tools-for-stm32.12.3.rel1.linux64_1.0.200.202406132123/tools/bin/../lib/gcc/arm-none-eabi/12.3.1/../../../../arm-none-eabi/lib/thumb/v7e-m+fp/hard/libc_nano.a(libc_a-gdtoa-gethex.o)
                0x0810d8f8                __hexdig_fun
 *fill*         0x0810d922        0x2 
 .text.__gethex
                0x0810d924      0x420 /home/giovannimasi/st/stm32cubeide_1.16.1/plugins/com.st.stm32cube.ide.mcu.externaltools.gnu-tools-for-stm32.12.3.rel1.linux64_1.0.200.202406132123/tools/bin/../lib/gcc/arm-none-eabi/12.3.1/../../../../arm-none-eabi/lib/thumb/v7e-m+fp/hard/libc_nano.a(libc_a-gdtoa-gethex.o)
                0x0810d924                __gethex
 .text.L_shift  0x0810dd44       0x24 /home/giovannimasi/st/stm32cubeide_1.16.1/plugins/com.st.stm32cube.ide.mcu.externaltools.gnu-tools-for-stm32.12.3.rel1.linux64_1.0.200.202406132123/tools/bin/../lib/gcc/arm-none-eabi/12.3.1/../../../../arm-none-eabi/lib/thumb/v7e-m+fp/hard/libc_nano.a(libc_a-gdtoa-hexnan.o)
 .text.__match  0x0810dd68       0x28 /home/giovannimasi/st/stm32cubeide_1.16.1/plugins/com.st.stm32cube.ide.mcu.externaltools.gnu-tools-for-stm32.12.3.rel1.linux64_1.0.200.202406132123/tools/bin/../lib/gcc/arm-none-eabi/12.3.1/../../../../arm-none-eabi/lib/thumb/v7e-m+fp/hard/libc_nano.a(libc_a-gdtoa-hexnan.o)
                0x0810dd68                __match
 .text.__hexnan
                0x0810dd90      0x136 /home/giovannimasi/st/stm32cubeide_1.16.1/plugins/com.st.stm32cube.ide.mcu.externaltools.gnu-tools-for-stm32.12.3.rel1.linux64_1.0.200.202406132123/tools/bin/../lib/gcc/arm-none-eabi/12.3.1/../../../../arm-none-eabi/lib/thumb/v7e-m+fp/hard/libc_nano.a(libc_a-gdtoa-hexnan.o)
                0x0810dd90                __hexnan
 .text.__ascii_mbtowc
                0x0810dec6       0x24 /home/giovannimasi/st/stm32cubeide_1.16.1/plugins/com.st.stm32cube.ide.mcu.externaltools.gnu-tools-for-stm32.12.3.rel1.linux64_1.0.200.202406132123/tools/bin/../lib/gcc/arm-none-eabi/12.3.1/../../../../arm-none-eabi/lib/thumb/v7e-m+fp/hard/libc_nano.a(libc_a-mbtowc_r.o)
                0x0810dec6                __ascii_mbtowc
 .text._realloc_r
                0x0810deea       0x5c /home/giovannimasi/st/stm32cubeide_1.16.1/plugins/com.st.stm32cube.ide.mcu.externaltools.gnu-tools-for-stm32.12.3.rel1.linux64_1.0.200.202406132123/tools/bin/../lib/gcc/arm-none-eabi/12.3.1/../../../../arm-none-eabi/lib/thumb/v7e-m+fp/hard/libc_nano.a(libc_a-reallocr.o)
                0x0810deea                _realloc_r
 .text.__ascii_wctomb
                0x0810df46       0x1a /home/giovannimasi/st/stm32cubeide_1.16.1/plugins/com.st.stm32cube.ide.mcu.externaltools.gnu-tools-for-stm32.12.3.rel1.linux64_1.0.200.202406132123/tools/bin/../lib/gcc/arm-none-eabi/12.3.1/../../../../arm-none-eabi/lib/thumb/v7e-m+fp/hard/libc_nano.a(libc_a-wctomb_r.o)
                0x0810df46                __ascii_wctomb
 .text.fprintf  0x0810df60       0x24 /home/giovannimasi/st/stm32cubeide_1.16.1/plugins/com.st.stm32cube.ide.mcu.externaltools.gnu-tools-for-stm32.12.3.rel1.linux64_1.0.200.202406132123/tools/bin/../lib/gcc/arm-none-eabi/12.3.1/../../../../arm-none-eabi/lib/thumb/v7e-m+fp/hard/libc_nano.a(libc_a-fprintf.o)
                0x0810df60                fprintf
                0x0810df60                fiprintf
 .text.abort    0x0810df84        0xe /home/giovannimasi/st/stm32cubeide_1.16.1/plugins/com.st.stm32cube.ide.mcu.externaltools.gnu-tools-for-stm32.12.3.rel1.linux64_1.0.200.202406132123/tools/bin/../lib/gcc/arm-none-eabi/12.3.1/../../../../arm-none-eabi/lib/thumb/v7e-m+fp/hard/libc_nano.a(libc_a-abort.o)
                0x0810df84                abort
 .text._malloc_usable_size_r
                0x0810df92       0x10 /home/giovannimasi/st/stm32cubeide_1.16.1/plugins/com.st.stm32cube.ide.mcu.externaltools.gnu-tools-for-stm32.12.3.rel1.linux64_1.0.200.202406132123/tools/bin/../lib/gcc/arm-none-eabi/12.3.1/../../../../arm-none-eabi/lib/thumb/v7e-m+fp/hard/libc_nano.a(libc_a-msizer.o)
                0x0810df92                _malloc_usable_size_r
 .text._raise_r
                0x0810dfa2       0x50 /home/giovannimasi/st/stm32cubeide_1.16.1/plugins/com.st.stm32cube.ide.mcu.externaltools.gnu-tools-for-stm32.12.3.rel1.linux64_1.0.200.202406132123/tools/bin/../lib/gcc/arm-none-eabi/12.3.1/../../../../arm-none-eabi/lib/thumb/v7e-m+fp/hard/libc_nano.a(libc_a-signal.o)
                0x0810dfa2                _raise_r
 *fill*         0x0810dff2        0x2 
 .text.raise    0x0810dff4       0x10 /home/giovannimasi/st/stm32cubeide_1.16.1/plugins/com.st.stm32cube.ide.mcu.externaltools.gnu-tools-for-stm32.12.3.rel1.linux64_1.0.200.202406132123/tools/bin/../lib/gcc/arm-none-eabi/12.3.1/../../../../arm-none-eabi/lib/thumb/v7e-m+fp/hard/libc_nano.a(libc_a-signal.o)
                0x0810dff4                raise
 .text._kill_r  0x0810e004       0x24 /home/giovannimasi/st/stm32cubeide_1.16.1/plugins/com.st.stm32cube.ide.mcu.externaltools.gnu-tools-for-stm32.12.3.rel1.linux64_1.0.200.202406132123/tools/bin/../lib/gcc/arm-none-eabi/12.3.1/../../../../arm-none-eabi/lib/thumb/v7e-m+fp/hard/libc_nano.a(libc_a-signalr.o)
                0x0810e004                _kill_r
 .text._getpid_r
                0x0810e028        0x4 /home/giovannimasi/st/stm32cubeide_1.16.1/plugins/com.st.stm32cube.ide.mcu.externaltools.gnu-tools-for-stm32.12.3.rel1.linux64_1.0.200.202406132123/tools/bin/../lib/gcc/arm-none-eabi/12.3.1/../../../../arm-none-eabi/lib/thumb/v7e-m+fp/hard/libc_nano.a(libc_a-signalr.o)
                0x0810e028                _getpid_r
 .text.sqrt     0x0810e02c       0x58 /home/giovannimasi/st/stm32cubeide_1.16.1/plugins/com.st.stm32cube.ide.mcu.externaltools.gnu-tools-for-stm32.12.3.rel1.linux64_1.0.200.202406132123/tools/bin/../lib/gcc/arm-none-eabi/12.3.1/../../../../arm-none-eabi/lib/thumb/v7e-m+fp/hard/libm.a(libm_a-w_sqrt.o)
                0x0810e02c                sqrt
 .text.__ieee754_sqrt
                0x0810e084      0x1b4 /home/giovannimasi/st/stm32cubeide_1.16.1/plugins/com.st.stm32cube.ide.mcu.externaltools.gnu-tools-for-stm32.12.3.rel1.linux64_1.0.200.202406132123/tools/bin/../lib/gcc/arm-none-eabi/12.3.1/../../../../arm-none-eabi/lib/thumb/v7e-m+fp/hard/libm.a(libm_a-e_sqrt.o)
                0x0810e084                __ieee754_sqrt
 *(.glue_7)
 .glue_7        0x0810e238        0x0 linker stubs
 *(.glue_7t)
 .glue_7t       0x0810e238        0x0 linker stubs
 *(.eh_frame)
 .eh_frame      0x0810e238        0x0 /home/giovannimasi/st/stm32cubeide_1.16.1/plugins/com.st.stm32cube.ide.mcu.externaltools.gnu-tools-for-stm32.12.3.rel1.linux64_1.0.200.202406132123/tools/bin/../lib/gcc/arm-none-eabi/12.3.1/thumb/v7e-m+fp/hard/crtbegin.o
 *(.init)
 .init          0x0810e238        0x4 /home/giovannimasi/st/stm32cubeide_1.16.1/plugins/com.st.stm32cube.ide.mcu.externaltools.gnu-tools-for-stm32.12.3.rel1.linux64_1.0.200.202406132123/tools/bin/../lib/gcc/arm-none-eabi/12.3.1/thumb/v7e-m+fp/hard/crti.o
                0x0810e238                _init
 .init          0x0810e23c        0x8 /home/giovannimasi/st/stm32cubeide_1.16.1/plugins/com.st.stm32cube.ide.mcu.externaltools.gnu-tools-for-stm32.12.3.rel1.linux64_1.0.200.202406132123/tools/bin/../lib/gcc/arm-none-eabi/12.3.1/thumb/v7e-m+fp/hard/crtn.o
 *(.fini)
 .fini          0x0810e244        0x4 /home/giovannimasi/st/stm32cubeide_1.16.1/plugins/com.st.stm32cube.ide.mcu.externaltools.gnu-tools-for-stm32.12.3.rel1.linux64_1.0.200.202406132123/tools/bin/../lib/gcc/arm-none-eabi/12.3.1/thumb/v7e-m+fp/hard/crti.o
                0x0810e244                _fini
 .fini          0x0810e248        0x8 /home/giovannimasi/st/stm32cubeide_1.16.1/plugins/com.st.stm32cube.ide.mcu.externaltools.gnu-tools-for-stm32.12.3.rel1.linux64_1.0.200.202406132123/tools/bin/../lib/gcc/arm-none-eabi/12.3.1/thumb/v7e-m+fp/hard/crtn.o
                0x0810e250                        . = ALIGN (0x4)
                0x0810e250                        _etext = .

.vfp11_veneer   0x0810e250        0x0
 .vfp11_veneer  0x0810e250        0x0 linker stubs

.v4_bx          0x0810e250        0x0
 .v4_bx         0x0810e250        0x0 linker stubs

.iplt           0x0810e250        0x0
 .iplt          0x0810e250        0x0 /home/giovannimasi/st/stm32cubeide_1.16.1/plugins/com.st.stm32cube.ide.mcu.externaltools.gnu-tools-for-stm32.12.3.rel1.linux64_1.0.200.202406132123/tools/bin/../lib/gcc/arm-none-eabi/12.3.1/thumb/v7e-m+fp/hard/crtbegin.o

.rodata         0x0810e250      0xa20
                0x0810e250                        . = ALIGN (0x4)
 *(.rodata)
 .rodata        0x0810e250      0x554 ./Core/Src/bno055.o
 .rodata        0x0810e7a4       0x65 ./Core/Src/main.o
 *(.rodata*)
 *fill*         0x0810e809        0x3 
 .rodata.D1CorePrescTable
                0x0810e80c       0x10 ./Common/Src/system_stm32h7xx_dualcore_boot_cm4_cm7.o
                0x0810e80c                D1CorePrescTable
 .rodata.UARTPrescTable
                0x0810e81c       0x18 ./Drivers/STM32H7xx_HAL_Driver/stm32h7xx_hal_uart.o
                0x0810e81c                UARTPrescTable
 .rodata.numerator.1
                0x0810e834        0x8 ./Drivers/STM32H7xx_HAL_Driver/stm32h7xx_hal_uart_ex.o
 .rodata.denominator.0
                0x0810e83c        0x8 ./Drivers/STM32H7xx_HAL_Driver/stm32h7xx_hal_uart_ex.o
 .rodata._printf_float.str1.1
                0x0810e844       0x12 /home/giovannimasi/st/stm32cubeide_1.16.1/plugins/com.st.stm32cube.ide.mcu.externaltools.gnu-tools-for-stm32.12.3.rel1.linux64_1.0.200.202406132123/tools/bin/../lib/gcc/arm-none-eabi/12.3.1/../../../../arm-none-eabi/lib/thumb/v7e-m+fp/hard/libc_nano.a(libc_a-nano-vfprintf_float.o)
 .rodata._printf_i.str1.1
                0x0810e856       0x22 /home/giovannimasi/st/stm32cubeide_1.16.1/plugins/com.st.stm32cube.ide.mcu.externaltools.gnu-tools-for-stm32.12.3.rel1.linux64_1.0.200.202406132123/tools/bin/../lib/gcc/arm-none-eabi/12.3.1/../../../../arm-none-eabi/lib/thumb/v7e-m+fp/hard/libc_nano.a(libc_a-nano-vfprintf_i.o)
 .rodata._scanf_float.str1.1
                0x0810e878        0x5 /home/giovannimasi/st/stm32cubeide_1.16.1/plugins/com.st.stm32cube.ide.mcu.externaltools.gnu-tools-for-stm32.12.3.rel1.linux64_1.0.200.202406132123/tools/bin/../lib/gcc/arm-none-eabi/12.3.1/../../../../arm-none-eabi/lib/thumb/v7e-m+fp/hard/libc_nano.a(libc_a-nano-vfscanf_float.o)
                                  0x6 (size before relaxing)
 .rodata._dtoa_r.str1.1
                0x0810e87d       0x8d /home/giovannimasi/st/stm32cubeide_1.16.1/plugins/com.st.stm32cube.ide.mcu.externaltools.gnu-tools-for-stm32.12.3.rel1.linux64_1.0.200.202406132123/tools/bin/../lib/gcc/arm-none-eabi/12.3.1/../../../../arm-none-eabi/lib/thumb/v7e-m+fp/hard/libc_nano.a(libc_a-dtoa.o)
                                 0x8f (size before relaxing)
 .rodata._Balloc.str1.1
                0x0810e90a       0x59 /home/giovannimasi/st/stm32cubeide_1.16.1/plugins/com.st.stm32cube.ide.mcu.externaltools.gnu-tools-for-stm32.12.3.rel1.linux64_1.0.200.202406132123/tools/bin/../lib/gcc/arm-none-eabi/12.3.1/../../../../arm-none-eabi/lib/thumb/v7e-m+fp/hard/libc_nano.a(libc_a-mprec.o)
                                 0x70 (size before relaxing)
 .rodata.__multadd.str1.1
                0x0810e963       0x11 /home/giovannimasi/st/stm32cubeide_1.16.1/plugins/com.st.stm32cube.ide.mcu.externaltools.gnu-tools-for-stm32.12.3.rel1.linux64_1.0.200.202406132123/tools/bin/../lib/gcc/arm-none-eabi/12.3.1/../../../../arm-none-eabi/lib/thumb/v7e-m+fp/hard/libc_nano.a(libc_a-mprec.o)
 *fill*         0x0810e963        0x1 
 .rodata.p05.0  0x0810e964        0xc /home/giovannimasi/st/stm32cubeide_1.16.1/plugins/com.st.stm32cube.ide.mcu.externaltools.gnu-tools-for-stm32.12.3.rel1.linux64_1.0.200.202406132123/tools/bin/../lib/gcc/arm-none-eabi/12.3.1/../../../../arm-none-eabi/lib/thumb/v7e-m+fp/hard/libc_nano.a(libc_a-mprec.o)
 .rodata.__mprec_bigtens
                0x0810e970       0x28 /home/giovannimasi/st/stm32cubeide_1.16.1/plugins/com.st.stm32cube.ide.mcu.externaltools.gnu-tools-for-stm32.12.3.rel1.linux64_1.0.200.202406132123/tools/bin/../lib/gcc/arm-none-eabi/12.3.1/../../../../arm-none-eabi/lib/thumb/v7e-m+fp/hard/libc_nano.a(libc_a-mprec.o)
                0x0810e970                __mprec_bigtens
 .rodata.__mprec_tens
                0x0810e998       0xc8 /home/giovannimasi/st/stm32cubeide_1.16.1/plugins/com.st.stm32cube.ide.mcu.externaltools.gnu-tools-for-stm32.12.3.rel1.linux64_1.0.200.202406132123/tools/bin/../lib/gcc/arm-none-eabi/12.3.1/../../../../arm-none-eabi/lib/thumb/v7e-m+fp/hard/libc_nano.a(libc_a-mprec.o)
                0x0810e998                __mprec_tens
 .rodata._strtod_l.str1.1
                0x0810ea60        0x2 /home/giovannimasi/st/stm32cubeide_1.16.1/plugins/com.st.stm32cube.ide.mcu.externaltools.gnu-tools-for-stm32.12.3.rel1.linux64_1.0.200.202406132123/tools/bin/../lib/gcc/arm-none-eabi/12.3.1/../../../../arm-none-eabi/lib/thumb/v7e-m+fp/hard/libc_nano.a(libc_a-strtod.o)
                                  0xf (size before relaxing)
 *fill*         0x0810ea62        0x2 
 .rodata.fpinan.0
                0x0810ea64       0x14 /home/giovannimasi/st/stm32cubeide_1.16.1/plugins/com.st.stm32cube.ide.mcu.externaltools.gnu-tools-for-stm32.12.3.rel1.linux64_1.0.200.202406132123/tools/bin/../lib/gcc/arm-none-eabi/12.3.1/../../../../arm-none-eabi/lib/thumb/v7e-m+fp/hard/libc_nano.a(libc_a-strtod.o)
 .rodata.fpi.1  0x0810ea78       0x14 /home/giovannimasi/st/stm32cubeide_1.16.1/plugins/com.st.stm32cube.ide.mcu.externaltools.gnu-tools-for-stm32.12.3.rel1.linux64_1.0.200.202406132123/tools/bin/../lib/gcc/arm-none-eabi/12.3.1/../../../../arm-none-eabi/lib/thumb/v7e-m+fp/hard/libc_nano.a(libc_a-strtod.o)
 *fill*         0x0810ea8c        0x4 
 .rodata.tinytens
                0x0810ea90       0x28 /home/giovannimasi/st/stm32cubeide_1.16.1/plugins/com.st.stm32cube.ide.mcu.externaltools.gnu-tools-for-stm32.12.3.rel1.linux64_1.0.200.202406132123/tools/bin/../lib/gcc/arm-none-eabi/12.3.1/../../../../arm-none-eabi/lib/thumb/v7e-m+fp/hard/libc_nano.a(libc_a-strtod.o)
 .rodata._ctype_
                0x0810eab8      0x101 /home/giovannimasi/st/stm32cubeide_1.16.1/plugins/com.st.stm32cube.ide.mcu.externaltools.gnu-tools-for-stm32.12.3.rel1.linux64_1.0.200.202406132123/tools/bin/../lib/gcc/arm-none-eabi/12.3.1/../../../../arm-none-eabi/lib/thumb/v7e-m+fp/hard/libc_nano.a(libc_a-ctype_.o)
                0x0810eab8                _ctype_
 .rodata._svfprintf_r.str1.1
                0x0810ebb9       0x11 /home/giovannimasi/st/stm32cubeide_1.16.1/plugins/com.st.stm32cube.ide.mcu.externaltools.gnu-tools-for-stm32.12.3.rel1.linux64_1.0.200.202406132123/tools/bin/../lib/gcc/arm-none-eabi/12.3.1/../../../../arm-none-eabi/lib/thumb/v7e-m+fp/hard/libc_nano.a(libc_a-nano-svfprintf.o)
 .rodata._vfprintf_r.str1.1
                0x0810ebca       0x11 /home/giovannimasi/st/stm32cubeide_1.16.1/plugins/com.st.stm32cube.ide.mcu.externaltools.gnu-tools-for-stm32.12.3.rel1.linux64_1.0.200.202406132123/tools/bin/../lib/gcc/arm-none-eabi/12.3.1/../../../../arm-none-eabi/lib/thumb/v7e-m+fp/hard/libc_nano.a(libc_a-nano-vfprintf.o)
 .rodata._setlocale_r.str1.1
                0x0810ebca        0x8 /home/giovannimasi/st/stm32cubeide_1.16.1/plugins/com.st.stm32cube.ide.mcu.externaltools.gnu-tools-for-stm32.12.3.rel1.linux64_1.0.200.202406132123/tools/bin/../lib/gcc/arm-none-eabi/12.3.1/../../../../arm-none-eabi/lib/thumb/v7e-m+fp/hard/libc_nano.a(libc_a-locale.o)
                                  0x9 (size before relaxing)
 .rodata.str1.1
                0x0810ebd2        0x2 /home/giovannimasi/st/stm32cubeide_1.16.1/plugins/com.st.stm32cube.ide.mcu.externaltools.gnu-tools-for-stm32.12.3.rel1.linux64_1.0.200.202406132123/tools/bin/../lib/gcc/arm-none-eabi/12.3.1/../../../../arm-none-eabi/lib/thumb/v7e-m+fp/hard/libc_nano.a(libc_a-locale.o)
 .rodata.__assert_func.str1.1
                0x0810ebd2       0x3c /home/giovannimasi/st/stm32cubeide_1.16.1/plugins/com.st.stm32cube.ide.mcu.externaltools.gnu-tools-for-stm32.12.3.rel1.linux64_1.0.200.202406132123/tools/bin/../lib/gcc/arm-none-eabi/12.3.1/../../../../arm-none-eabi/lib/thumb/v7e-m+fp/hard/libc_nano.a(libc_a-assert.o)
                                 0x3d (size before relaxing)
 .rodata.__gethex.str1.1
                0x0810ec0e       0x60 /home/giovannimasi/st/stm32cubeide_1.16.1/plugins/com.st.stm32cube.ide.mcu.externaltools.gnu-tools-for-stm32.12.3.rel1.linux64_1.0.200.202406132123/tools/bin/../lib/gcc/arm-none-eabi/12.3.1/../../../../arm-none-eabi/lib/thumb/v7e-m+fp/hard/libc_nano.a(libc_a-gdtoa-gethex.o)
                                 0x73 (size before relaxing)