../Core/Src/bno055.c:20:6:bno055_setPage	16	static
../Core/Src/bno055.c:23:17:bno055_getOperationMode	16	static
../Core/Src/bno055.c:30:6:bno055_setOperationMode	16	static
../Core/Src/bno055.c:42:6:bno055_setOperationModeConfig	8	static
../Core/Src/bno055.c:46:6:bno055_setOperationModeACCONLY	8	static
../Core/Src/bno055.c:50:6:bno055_setOperationModeMAGONLY	8	static
../Core/Src/bno055.c:54:6:bno055_setOperationModeGYRONLY	8	static
../Core/Src/bno055.c:58:6:bno055_setOperationModeACCMAG	8	static
../Core/Src/bno055.c:62:6:bno055_setOperationModeACCGYRO	8	static
../Core/Src/bno055.c:66:6:bno055_setOperationModeMAGGYRO	8	static
../Core/Src/bno055.c:70:6:bno055_setOperationModeAMG	8	static
../Core/Src/bno055.c:76:6:bno055_setOperationModeIMU	8	static
../Core/Src/bno055.c:80:6:bno055_setOperationModeCOMPASS	8	static
../Core/Src/bno055.c:84:6:bno055_setOperationModeM4G	8	static
../Core/Src/bno055.c:88:6:bno055_setOperationModeNDOF_FMC_OFF	8	static
../Core/Src/bno055.c:93:6:bno055_setOperationModeNDOF	8	static
../Core/Src/bno055.c:98:6:bno055_setExternalCrystalUse	24	static
../Core/Src/bno055.c:108:6:bno055_enableExternalCrystal	8	static
../Core/Src/bno055.c:110:6:bno055_disableExternalCrystal	8	static
../Core/Src/bno055.c:113:6:bno055_reset	8	static
../Core/Src/bno055.c:119:8:bno055_getTemp	16	static
../Core/Src/bno055.c:127:6:bno055_setup	16	static
../Core/Src/bno055.c:145:9:bno055_getSWRevision	16	static
../Core/Src/bno055.c:153:9:bno055_getBootloaderRevision	16	static
../Core/Src/bno055.c:161:9:bno055_getSystemStatus	16	static
../Core/Src/bno055.c:169:27:bno055_getSelfTestResult_start	24	static
../Core/Src/bno055.c:186:27:bno055_getSelfTestResult	24	static
../Core/Src/bno055.c:206:9:bno055_getSystemError	16	static
../Core/Src/bno055.c:214:28:bno055_getCalibrationState	24	static
../Core/Src/bno055.c:227:27:bno055_getCalibrationData	72	static
../Core/Src/bno055.c:249:6:bno055_setCalibrationData	32	static
../Core/Src/bno055.c:270:17:bno055_getVector	144	static
../Core/Src/bno055.c:310:17:bno055_getVectorAccelerometer	88	static
../Core/Src/bno055.c:314:17:bno055_getVectorMagnetometer	88	static
../Core/Src/bno055.c:318:17:bno055_getVectorGyroscope	88	static
../Core/Src/bno055.c:322:17:bno055_getVectorEuler	88	static
../Core/Src/bno055.c:326:17:bno055_getVectorLinearAccel	88	static
../Core/Src/bno055.c:330:17:bno055_getVectorGravity	88	static
../Core/Src/bno055.c:334:17:bno055_getVectorQuaternion	88	static
../Core/Src/bno055.c:339:6:bno055_setAxisMap	24	static
../Core/Src/bno055.c:346:6:bno055_assignI2C	16	static
../Core/Src/bno055.c:350:6:bno055_delay	16	static
../Core/Src/bno055.c:358:6:bno055_writeData	40	static
../Core/Src/bno055.c:423:6:bno055_readData	32	static
../Core/Src/bno055.c:446:7:calculateHeading	32	static
../Core/Src/bno055.c:458:6:bno055_configureAccelerometer	24	static
../Core/Src/bno055.c:518:6:bno055_configureGyroscope	24	static
../Core/Src/bno055.c:580:6:bno055_configureMagnetometer	24	static
../Core/Src/bno055.c:637:6:bno055_setPowerMode	24	static
../Core/Src/bno055.c:651:11:bno055_getPowerMode	16	static
../Core/Src/bno055.c:663:6:bno055_configureUnits	32	static
../Core/Src/bno055.c:720:27:calibrateAccel	88	static
../Core/Src/bno055.c:741:6:setAccelCalibration	64	static
../Core/Src/bno055.c:759:6:bno055_set_int_en	32	static
../Core/Src/bno055.c:817:6:bno055_set_int_msk	32	static
../Core/Src/bno055.c:875:6:bno055_set_acc_int_settings	32	static
../Core/Src/bno055.c:931:6:bno055_set_gyr_int_settings	32	static
../Core/Src/bno055.c:988:6:bno055_get_int_en	16	static
../Core/Src/bno055.c:998:6:bno055_get_int_msk	16	static
../Core/Src/bno055.c:1008:6:bno055_get_acc_int_settings	16	static
../Core/Src/bno055.c:1018:6:bno055_get_gyr_int_settings	16	static
