../Core/Src/main.c:115:5:main	16	static
../Core/Src/main.c:208:6:MX_ETH_Init	8	static
../Core/Src/main.c:257:13:MX_I2C1_Init	8	static
../Core/Src/main.c:305:13:MX_TIM1_Init	40	static
../Core/Src/main.c:352:13:MX_TIM3_Init	64	static
../Core/Src/main.c:423:13:MX_TIM5_Init	72	static
../Core/Src/main.c:497:6:MX_USART3_UART_Init	8	static
../Core/Src/main.c:545:13:MX_GPIO_Init	24	static
../Core/Src/main.c:561:6:stopMotors	88	static
../Core/Src/main.c:571:6:armingMotors	88	static
../Core/Src/main.c:579:6:readImu	48	static
../Core/Src/main.c:592:6:stabilize	192	static
../Core/Src/main.c:614:6:HAL_TIM_PeriodElapsedCallback	16	static
../Core/Src/main.c:626:6:HAL_TIM_IC_CaptureCallback	24	static
../Core/Src/main.c:653:5:__io_putchar	16	static
../Core/Src/main.c:664:6:Error_Handler	4	static,ignoring_inline_asm
